Archive member included to satisfy reference by file (symbol)

libgenericSTM32F103C_Wire.a(Wire.cpp.obj)
                              CMakeFiles/componentTester_STM32F103.dir/mainCode.cpp.obj (TwoWire::begin(unsigned char))
libgenericSTM32F103C_simplerMCP4725.a(simplerMCP4725.cpp.obj)
                              CMakeFiles/componentTester_STM32F103.dir/screenCalibration.cpp.obj (myMCP4725::setVoltage(int))
libgenericSTM32F103C_simpler_INA219.a(simpler_INA219.cpp.obj)
                              CMakeFiles/componentTester_STM32F103.dir/screenCalibration.cpp.obj (simpler_INA219::getBusVoltage_V())
libgenericSTM32F103C_SPI.a(SPI.cpp.obj)
                              CMakeFiles/componentTester_STM32F103.dir/mainCode.cpp.obj (SPIClass::begin())
libgenericSTM32F103C_EEPROM.a(EEPROM.cpp.obj)
                              CMakeFiles/componentTester_STM32F103.dir/dso_eeprom.cpp.obj (EEPROMClass::EEPROMClass())
libgenericSTM32F103C_EEPROM.a(flash_stm32.c.obj)
                              libgenericSTM32F103C_EEPROM.a(EEPROM.cpp.obj) (FLASH_ErasePage)
libgenericSTM32F103C_CORE.a(HardwareSerial.cpp.obj)
                              CMakeFiles/componentTester_STM32F103.dir/Arduino_STM32/STM32F1/variants/generic_stm32f103c/board.cpp.obj (HardwareSerial::HardwareSerial(usart_dev*, unsigned char, unsigned char))
libgenericSTM32F103C_CORE.a(Print.cpp.obj)
                              CMakeFiles/componentTester_STM32F103.dir/mainCode.cpp.obj (Print::write(void const*, unsigned long))
libgenericSTM32F103C_CORE.a(cxxabi-compat.cpp.obj)
                              CMakeFiles/componentTester_STM32F103.dir/screenCalibration.cpp.obj (__cxa_pure_virtual)
libgenericSTM32F103C_CORE.a(ext_interrupts.cpp.obj)
                              CMakeFiles/componentTester_STM32F103.dir/push_button.cpp.obj (attachInterrupt(unsigned char, void (*)(), ExtIntTriggerMode))
libgenericSTM32F103C_CORE.a(adc.c.obj)
                              CMakeFiles/componentTester_STM32F103.dir/Arduino_STM32/STM32F1/variants/generic_stm32f103c/wirish/boards.cpp.obj (adc_set_sample_rate)
libgenericSTM32F103C_CORE.a(adc_f1.c.obj)
                              (__irq_adc)
libgenericSTM32F103C_CORE.a(dma.c.obj)
                              libgenericSTM32F103C_SPI.a(SPI.cpp.obj) (dma_init)
libgenericSTM32F103C_CORE.a(dma_f1.c.obj)
                              libgenericSTM32F103C_SPI.a(SPI.cpp.obj) (dma_set_priority)
libgenericSTM32F103C_CORE.a(exc.S.obj)
                              (__exc_nmi)
libgenericSTM32F103C_CORE.a(exti.c.obj)
                              libgenericSTM32F103C_CORE.a(ext_interrupts.cpp.obj) (exti_attach_callback)
libgenericSTM32F103C_CORE.a(exti_f1.c.obj)
                              libgenericSTM32F103C_CORE.a(exti.c.obj) (exti_select)
libgenericSTM32F103C_CORE.a(flash.c.obj)
                              CMakeFiles/componentTester_STM32F103.dir/Arduino_STM32/STM32F1/variants/generic_stm32f103c/wirish/boards.cpp.obj (flash_set_latency)
libgenericSTM32F103C_CORE.a(gpio_f1.c.obj)
                              CMakeFiles/componentTester_STM32F103.dir/Arduino_STM32/STM32F1/variants/generic_stm32f103c/wirish/boards_setup.cpp.obj (gpio_init_all)
libgenericSTM32F103C_CORE.a(i2c.c.obj)
                              libgenericSTM32F103C_Wire.a(Wire.cpp.obj) (i2c_master_xfer)
libgenericSTM32F103C_CORE.a(i2c_f1.c.obj)
                              libgenericSTM32F103C_CORE.a(i2c.c.obj) (i2c_config_gpios)
libgenericSTM32F103C_CORE.a(nvic.c.obj)
                              libgenericSTM32F103C_CORE.a(i2c_f1.c.obj) (nvic_irq_set_priority)
libgenericSTM32F103C_CORE.a(rcc.c.obj)
                              libgenericSTM32F103C_SPI.a(SPI.cpp.obj) (rcc_dev_clk)
libgenericSTM32F103C_CORE.a(rcc_f1.c.obj)
                              CMakeFiles/componentTester_STM32F103.dir/Arduino_STM32/STM32F1/variants/generic_stm32f103c/wirish/boards.cpp.obj (rcc_configure_pll)
libgenericSTM32F103C_CORE.a(spi.c.obj)
                              libgenericSTM32F103C_SPI.a(SPI.cpp.obj) (spi_init)
libgenericSTM32F103C_CORE.a(spi_f1.c.obj)
                              libgenericSTM32F103C_SPI.a(SPI.cpp.obj) (spi_config_gpios)
libgenericSTM32F103C_CORE.a(isrs.S.obj)
                              (__stm32reservedexception7)
libgenericSTM32F103C_CORE.a(vector_table.S.obj)
                              (__stm32_vector_table)
libgenericSTM32F103C_CORE.a(systick.c.obj)
                              CMakeFiles/componentTester_STM32F103.dir/Arduino_STM32/STM32F1/variants/generic_stm32f103c/wirish/boards.cpp.obj (systick_init)
libgenericSTM32F103C_CORE.a(timer.c.obj)
                              CMakeFiles/componentTester_STM32F103.dir/Arduino_STM32/STM32F1/variants/generic_stm32f103c/wirish/boards.cpp.obj (timer_foreach)
libgenericSTM32F103C_CORE.a(usart.c.obj)
                              libgenericSTM32F103C_CORE.a(HardwareSerial.cpp.obj) (usart_init)
libgenericSTM32F103C_CORE.a(usart_f1.c.obj)
[...]
Memory Configuration

Name             Origin             Length             Attributes
ram              0x0000000020000000 0x0000000000005000 xrw
rom              0x0000000008000000 0x0000000000020000 xr
*default*        0x0000000000000000 0xffffffffffffffff

Linker script and memory map

LOAD /home/fx/Arduino_stm32/arm-none-eabi-gcc/download/gcc-arm-none-eabi-8.2.1-1.7/bin/../lib/gcc/arm-none-eabi/8.2.1/thumb/v7-m/nofp/crti.o
LOAD /home/fx/Arduino_stm32/arm-none-eabi-gcc/download/gcc-arm-none-eabi-8.2.1-1.7/bin/../lib/gcc/arm-none-eabi/8.2.1/thumb/v7-m/nofp/crtbegin.o
LOAD /home/fx/Arduino_stm32/arm-none-eabi-gcc/download/gcc-arm-none-eabi-8.2.1-1.7/bin/../lib/gcc/arm-none-eabi/8.2.1/../../../../arm-none-eabi/lib/thumb/v7-m/nofp/crt0.o
LOAD /home/fx/Arduino_stm32/arm-none-eabi-gcc/download/gcc-arm-none-eabi-8.2.1-1.7/bin/../lib/gcc/arm-none-eabi/8.2.1/../../../../arm-none-eabi/lib/thumb/v7-m/nofp/libstdc++_nano.a
LOAD /home/fx/Arduino_stm32/arm-none-eabi-gcc/download/gcc-arm-none-eabi-8.2.1-1.7/bin/../lib/gcc/arm-none-eabi/8.2.1/thumb/v7-m/nofp/libgcc.a
START GROUP
LOAD CMakeFiles/componentTester_STM32F103.dir/Arduino_STM32/STM32F1/variants/generic_stm32f103c/wirish/start.S.obj
LOAD CMakeFiles/componentTester_STM32F103.dir/Arduino_STM32/STM32F1/variants/generic_stm32f103c/wirish/start_c.c.obj
LOAD CMakeFiles/componentTester_STM32F103.dir/Arduino_STM32/STM32F1/variants/generic_stm32f103c/wirish/syscalls.c.obj
LOAD CMakeFiles/componentTester_STM32F103.dir/Arduino_STM32/STM32F1/variants/generic_stm32f103c/board.cpp.obj
LOAD CMakeFiles/componentTester_STM32F103.dir/Arduino_STM32/STM32F1/variants/generic_stm32f103c/wirish/boards.cpp.obj
LOAD CMakeFiles/componentTester_STM32F103.dir/Arduino_STM32/STM32F1/variants/generic_stm32f103c/wirish/boards_setup.cpp.obj
LOAD CMakeFiles/componentTester_STM32F103.dir/screenCalibration.cpp.obj
LOAD CMakeFiles/componentTester_STM32F103.dir/mainCode.cpp.obj
LOAD CMakeFiles/componentTester_STM32F103.dir/push_button.cpp.obj
LOAD CMakeFiles/componentTester_STM32F103.dir/screenIdle.cpp.obj
LOAD CMakeFiles/componentTester_STM32F103.dir/screenBase.cpp.obj
LOAD CMakeFiles/componentTester_STM32F103.dir/screenError.cpp.obj
LOAD CMakeFiles/componentTester_STM32F103.dir/screenSetup.cpp.obj
LOAD CMakeFiles/componentTester_STM32F103.dir/items.cpp.obj
LOAD CMakeFiles/componentTester_STM32F103.dir/screenDischarging.cpp.obj
LOAD CMakeFiles/componentTester_STM32F103.dir/screenFinished.cpp.obj
LOAD CMakeFiles/componentTester_STM32F103.dir/embedded_printf/printf.c.obj
LOAD CMakeFiles/componentTester_STM32F103.dir/settings.cpp.obj
LOAD CMakeFiles/componentTester_STM32F103.dir/dso_eeprom.cpp.obj
LOAD CMakeFiles/componentTester_STM32F103.dir/dso_logger.cpp.obj
LOAD CMakeFiles/componentTester_STM32F103.dir/calibration.cpp.obj
LOAD CMakeFiles/componentTester_STM32F103.dir/heap.cpp.obj
LOAD CMakeFiles/componentTester_STM32F103.dir/componentTester_STM32F103_batteryTester2.ino.cpp.obj
LOAD libgenericSTM32F103C_Wire.a
LOAD libgenericSTM32F103C_simplerMCP4725.a
LOAD libgenericSTM32F103C_simpler_INA219.a
LOAD libgenericSTM32F103C_SPI.a
LOAD libgenericSTM32F103C_EEPROM.a
LOAD libgenericSTM32F103C_CORE.a
LOAD FreeRTOS/libgenericSTM32F103C_FreeRTOS.a
LOAD RotaryEncoder/libgenericSTM32F103C_RotaryEncoder.a
LOAD XPT2046/libgenericSTM32F103C_XPT2046.a
LOAD TFT_eSPI/libgenericSTM32F103C_TFT_eSPI.a
LOAD assets/backgrounds/libgenericSTM32F103C_backgrounds.a
END GROUP
LOAD /home/fx/Arduino_stm32/arm-none-eabi-gcc/download/gcc-arm-none-eabi-8.2.1-1.7/bin/../lib/gcc/arm-none-eabi/8.2.1/../../../../arm-none-eabi/lib/thumb/v7-m/nofp/libstdc++_nano.a
LOAD /home/fx/Arduino_stm32/arm-none-eabi-gcc/download/gcc-arm-none-eabi-8.2.1-1.7/bin/../lib/gcc/arm-none-eabi/8.2.1/../../../../arm-none-eabi/lib/thumb/v7-m/nofp/libm.a
START GROUP
LOAD /home/fx/Arduino_stm32/arm-none-eabi-gcc/download/gcc-arm-none-eabi-8.2.1-1.7/bin/../lib/gcc/arm-none-eabi/8.2.1/thumb/v7-m/nofp/libgcc.a
LOAD /home/fx/Arduino_stm32/arm-none-eabi-gcc/download/gcc-arm-none-eabi-8.2.1-1.7/bin/../lib/gcc/arm-none-eabi/8.2.1/../../../../arm-none-eabi/lib/thumb/v7-m/nofp/libc_nano.a
END GROUP
START GROUP
LOAD /home/fx/Arduino_stm32/arm-none-eabi-gcc/download/gcc-arm-none-eabi-8.2.1-1.7/bin/../lib/gcc/arm-none-eabi/8.2.1/thumb/v7-m/nofp/libgcc.a
LOAD /home/fx/Arduino_stm32/arm-none-eabi-gcc/download/gcc-arm-none-eabi-8.2.1-1.7/bin/../lib/gcc/arm-none-eabi/8.2.1/../../../../arm-none-eabi/lib/thumb/v7-m/nofp/libc_nano.a
END GROUP
LOAD /home/fx/Arduino_stm32/arm-none-eabi-gcc/download/gcc-arm-none-eabi-8.2.1-1.7/bin/../lib/gcc/arm-none-eabi/8.2.1/thumb/v7-m/nofp/crtend.o
LOAD /home/fx/Arduino_stm32/arm-none-eabi-gcc/download/gcc-arm-none-eabi-8.2.1-1.7/bin/../lib/gcc/arm-none-eabi/8.2.1/thumb/v7-m/nofp/crtn.o
START GROUP
LOAD /home/fx/Arduino_stm32/arm-none-eabi-gcc/download/gcc-arm-none-eabi-8.2.1-1.7/bin/../lib/gcc/arm-none-eabi/8.2.1/thumb/v7-m/nofp/libgcc.a
LOAD /home/fx/Arduino_stm32/arm-none-eabi-gcc/download/gcc-arm-none-eabi-8.2.1-1.7/bin/../lib/gcc/arm-none-eabi/8.2.1/../../../../arm-none-eabi/lib/thumb/v7-m/nofp/libc.a
LOAD /home/fx/Arduino_stm32/arm-none-eabi-gcc/download/gcc-arm-none-eabi-8.2.1-1.7/bin/../lib/gcc/arm-none-eabi/8.2.1/../../../../arm-none-eabi/lib/thumb/v7-m/nofp/libm.a
END GROUP
START GROUP
LOAD /home/fx/Arduino_stm32/arm-none-eabi-gcc/download/gcc-arm-none-eabi-8.2.1-1.7/bin/../lib/gcc/arm-none-eabi/8.2.1/../../../../arm-none-eabi/lib/thumb/v7-m/nofp/libnosys.a
END GROUP
                0x0000000020005000                PROVIDE (__msp_init = (ORIGIN (ram) + LENGTH (ram)))
                0x0000000008000178                PROVIDE (__exc_reset = __start__)

.text           0x0000000008000000     0x6978
                0x0000000008000000                __text_start__ = .
 *(.stm32.interrupt_vector)
 .stm32.interrupt_vector
                0x0000000008000000       0xec libgenericSTM32F103C_CORE.a(vector_table.S.obj)
                0x0000000008000000                __stm32_vector_table
 *(.text .text.* .gnu.linkonce.t.*)
 .text.deregister_tm_clones
                0x00000000080000ec       0x1c /home/fx/Arduino_stm32/arm-none-eabi-gcc/download/gcc-arm-none-eabi-8.2.1-1.7/bin/../lib/gcc/arm-none-eabi/8.2.1/thumb/v7-m/nofp/crtbegin.o
 .text.register_tm_clones
                0x0000000008000108       0x24 /home/fx/Arduino_stm32/arm-none-eabi-gcc/download/gcc-arm-none-eabi-8.2.1-1.7/bin/../lib/gcc/arm-none-eabi/8.2.1/thumb/v7-m/nofp/crtbegin.o
 .text.__do_global_dtors_aux
                0x000000000800012c       0x28 /home/fx/Arduino_stm32/arm-none-eabi-gcc/download/gcc-arm-none-eabi-8.2.1-1.7/bin/../lib/gcc/arm-none-eabi/8.2.1/thumb/v7-m/nofp/crtbegin.o
 .text.frame_dummy
                0x0000000008000154       0x24 /home/fx/Arduino_stm32/arm-none-eabi-gcc/download/gcc-arm-none-eabi-8.2.1-1.7/bin/../lib/gcc/arm-none-eabi/8.2.1/thumb/v7-m/nofp/crtbegin.o
 .text          0x0000000008000178       0x10 CMakeFiles/componentTester_STM32F103.dir/Arduino_STM32/STM32F1/variants/generic_stm32f103c/wirish/start.S.obj
                0x0000000008000178                __start__
 .text.start_c  0x0000000008000188       0x54 CMakeFiles/componentTester_STM32F103.dir/Arduino_STM32/STM32F1/variants/generic_stm32f103c/wirish/start_c.c.obj
                0x0000000008000188                start_c
 .text._sbrk    0x00000000080001dc       0x44 CMakeFiles/componentTester_STM32F103.dir/Arduino_STM32/STM32F1/variants/generic_stm32f103c/wirish/syscalls.c.obj
                0x00000000080001dc                _sbrk
 .text._Z9boardInitv
                0x0000000008000220        0x2 CMakeFiles/componentTester_STM32F103.dir/Arduino_STM32/STM32F1/variants/generic_stm32f103c/board.cpp.obj
                0x0000000008000220                boardInit()
 *fill*         0x0000000008000222        0x2 
 .text.startup._GLOBAL__sub_I__Z9boardInitv
                0x0000000008000224       0x48 CMakeFiles/componentTester_STM32F103.dir/Arduino_STM32/STM32F1/variants/generic_stm32f103c/board.cpp.obj
 .text._ZL18adc_default_configP7adc_dev
                0x000000000800026c       0x1c CMakeFiles/componentTester_STM32F103.dir/Arduino_STM32/STM32F1/variants/generic_stm32f103c/wirish/boards.cpp.obj
 .text._ZL20timer_default_configP9timer_dev
                0x0000000008000288       0xa8 CMakeFiles/componentTester_STM32F103.dir/Arduino_STM32/STM32F1/variants/generic_stm32f103c/wirish/boards.cpp.obj
 .text._Z4initv
                0x0000000008000330       0xbc CMakeFiles/componentTester_STM32F103.dir/Arduino_STM32/STM32F1/variants/generic_stm32f103c/wirish/boards.cpp.obj
                0x0000000008000330                init()
 .text._ZN6wirish4priv15board_reset_pllEv
                0x00000000080003ec        0x2 CMakeFiles/componentTester_STM32F103.dir/Arduino_STM32/STM32F1/variants/generic_stm32f103c/wirish/boards_setup.cpp.obj
                0x00000000080003ec                wirish::priv::board_reset_pll()
 .text._ZN6wirish4priv28board_setup_clock_prescalersEv
                0x00000000080003ee       0x2e CMakeFiles/componentTester_STM32F103.dir/Arduino_STM32/STM32F1/variants/generic_stm32f103c/wirish/boards_setup.cpp.obj
                0x00000000080003ee                wirish::priv::board_setup_clock_prescalers()
 .text._ZN6wirish4priv16board_setup_gpioEv
                0x000000000800041c        0x4 CMakeFiles/componentTester_STM32F103.dir/Arduino_STM32/STM32F1/variants/generic_stm32f103c/wirish/boards_setup.cpp.obj
                0x000000000800041c                wirish::priv::board_setup_gpio()
 .text._ZN6wirish4priv15board_setup_usbEv
                0x0000000008000420        0x2 CMakeFiles/componentTester_STM32F103.dir/Arduino_STM32/STM32F1/variants/generic_stm32f103c/wirish/boards_setup.cpp.obj
                0x0000000008000420                wirish::priv::board_setup_usb()
 .text._ZN6wirish4priv11series_initEv
                0x0000000008000422        0x4 CMakeFiles/componentTester_STM32F103.dir/Arduino_STM32/STM32F1/variants/generic_stm32f103c/wirish/boards_setup.cpp.obj
                0x0000000008000422                wirish::priv::series_init()
 .text._ZN8MainTask10pressEventEii
                0x0000000008000426        0x4 CMakeFiles/componentTester_STM32F103.dir/mainCode.cpp.obj
                0x0000000008000426                MainTask::pressEvent(int, int)
                0x0000000008000428                non-virtual thunk to MainTask::pressEvent(int, int)
 *fill*         0x000000000800042a        0x2 
 .text._ZN17TFT_eSPI_extended9spiUnlockEv
                0x000000000800042c       0x2c CMakeFiles/componentTester_STM32F103.dir/mainCode.cpp.obj
                0x000000000800042c                TFT_eSPI_extended::spiUnlock()
 .text._ZN17TFT_eSPI_extended7spiLockEv
                0x0000000008000458       0x18 CMakeFiles/componentTester_STM32F103.dir/mainCode.cpp.obj
                0x0000000008000458                TFT_eSPI_extended::spiLock()
 .text._ZN8MainTaskD2Ev
                0x0000000008000470       0x1c CMakeFiles/componentTester_STM32F103.dir/mainCode.cpp.obj
                0x0000000008000470                MainTask::~MainTask()
                0x0000000008000470                MainTask::~MainTask()
 .text._ZN8MainTaskD0Ev
                0x000000000800048c       0x12 CMakeFiles/componentTester_STM32F103.dir/mainCode.cpp.obj
                0x000000000800048c                MainTask::~MainTask()
 *fill*         0x000000000800049e        0x2 
 .text._ZN8MainTask7initTftEv
                0x00000000080004a0       0xa0 CMakeFiles/componentTester_STM32F103.dir/mainCode.cpp.obj
                0x00000000080004a0                MainTask::initTft()
 .text._Z7mySetupv
                0x0000000008000540       0x98 CMakeFiles/componentTester_STM32F103.dir/mainCode.cpp.obj
                0x0000000008000540                mySetup()
 .text._Z6myLoopv
                0x00000000080005d8        0x2 CMakeFiles/componentTester_STM32F103.dir/mainCode.cpp.obj
                0x00000000080005d8                myLoop()
 *fill*         0x00000000080005da        0x2 
 .text._ZN8MainTask3runEv
                0x00000000080005dc       0x7c CMakeFiles/componentTester_STM32F103.dir/mainCode.cpp.obj
                0x00000000080005dc                MainTask::run()
 .text._Z6LoggerPKcz
                0x0000000008000658       0x48 CMakeFiles/componentTester_STM32F103.dir/dso_logger.cpp.obj
                0x0000000008000658                Logger(char const*, ...)
 .text._Z5setupv
                0x00000000080006a0        0x4 CMakeFiles/componentTester_STM32F103.dir/componentTester_STM32F103_batteryTester2.ino.cpp.obj
                0x00000000080006a0                setup()
 .text._Z4loopv
                0x00000000080006a4        0x4 CMakeFiles/componentTester_STM32F103.dir/componentTester_STM32F103_batteryTester2.ino.cpp.obj
                0x00000000080006a4                loop()
 .text._ZN7TwoWire7processEv
                0x00000000080006a8        0x8 libgenericSTM32F103C_Wire.a(Wire.cpp.obj)
                0x00000000080006a8                TwoWire::process()
 .text._ZN7TwoWire5beginEh
                0x00000000080006b0        0xc libgenericSTM32F103C_Wire.a(Wire.cpp.obj)
                0x00000000080006b0                TwoWire::begin(unsigned char)
 .text.i2c_disable
                0x00000000080006bc       0x1a libgenericSTM32F103C_Wire.a(Wire.cpp.obj)
 .text._ZN7TwoWire3endEv
                0x00000000080006d6       0x10 libgenericSTM32F103C_Wire.a(Wire.cpp.obj)
                0x00000000080006d6                TwoWire::end()
 .text._ZN7TwoWire7processEh
                0x00000000080006e6       0x48 libgenericSTM32F103C_Wire.a(Wire.cpp.obj)
                0x00000000080006e6                TwoWire::process(unsigned char)
 *fill*         0x000000000800072e        0x2 
 .text._ZN7TwoWireD2Ev
                0x0000000008000730       0x18 libgenericSTM32F103C_Wire.a(Wire.cpp.obj)
                0x0000000008000730                TwoWire::~TwoWire()
                0x0000000008000730                TwoWire::~TwoWire()
 .text._ZN7TwoWire8setClockEm
                0x0000000008000748       0x26 libgenericSTM32F103C_Wire.a(Wire.cpp.obj)
                0x0000000008000748                TwoWire::setClock(unsigned long)
 *fill*         0x000000000800076e        0x2 
 .text.startup._GLOBAL__sub_I__ZN7TwoWire7processEh
                0x0000000008000770       0x38 libgenericSTM32F103C_Wire.a(Wire.cpp.obj)
 .text.dma_clear_isr_bits
                0x00000000080007a8        0xe libgenericSTM32F103C_SPI.a(SPI.cpp.obj)
 .text._ZL12waitSpiTxEndP7spi_dev
                0x00000000080007b6       0x10 libgenericSTM32F103C_SPI.a(SPI.cpp.obj)
 .text._ZL11disable_pwmPK14stm32_pin_info
                0x00000000080007c6       0x10 libgenericSTM32F103C_SPI.a(SPI.cpp.obj)
 *fill*         0x00000000080007d6        0x2 
 .text._ZL19determine_baud_rateP7spi_devm.isra.6
                0x00000000080007d8       0x3c libgenericSTM32F103C_SPI.a(SPI.cpp.obj)
 .text._ZL15dev_to_spi_pinsP7spi_dev.isra.7
                0x0000000008000814       0x30 libgenericSTM32F103C_SPI.a(SPI.cpp.obj)
 .text._ZL15configure_gpiosP7spi_devb
                0x0000000008000844       0x78 libgenericSTM32F103C_SPI.a(SPI.cpp.obj)
 .text._ZN8SPIClassC2Em
                0x00000000080008bc       0xa8 libgenericSTM32F103C_SPI.a(SPI.cpp.obj)
                0x00000000080008bc                SPIClass::SPIClass(unsigned long)
                0x00000000080008bc                SPIClass::SPIClass(unsigned long)
 .text._ZN8SPIClass14updateSettingsEv
                0x0000000008000964       0x1e libgenericSTM32F103C_SPI.a(SPI.cpp.obj)
                0x0000000008000964                SPIClass::updateSettings()
 .text._ZN8SPIClass5beginEv
                0x0000000008000982       0x24 libgenericSTM32F103C_SPI.a(SPI.cpp.obj)
                0x0000000008000982                SPIClass::begin()
 .text._ZN8SPIClass15setClockDividerEm
                0x00000000080009a6       0x18 libgenericSTM32F103C_SPI.a(SPI.cpp.obj)
                0x00000000080009a6                SPIClass::setClockDivider(unsigned long)
 .text._ZN8SPIClass11setBitOrderE8BitOrder
                0x00000000080009be       0x18 libgenericSTM32F103C_SPI.a(SPI.cpp.obj)
                0x00000000080009be                SPIClass::setBitOrder(BitOrder)
 .text._ZN8SPIClass11setDataSizeEm
                0x00000000080009d6       0x30 libgenericSTM32F103C_SPI.a(SPI.cpp.obj)
                0x00000000080009d6                SPIClass::setDataSize(unsigned long)
 .text._ZN8SPIClass11setDataModeEh
                0x0000000008000a06       0x1a libgenericSTM32F103C_SPI.a(SPI.cpp.obj)
                0x0000000008000a06                SPIClass::setDataMode(unsigned char)
 .text._ZN8SPIClass16beginTransactionEh11SPISettings
                0x0000000008000a20       0x40 libgenericSTM32F103C_SPI.a(SPI.cpp.obj)
                0x0000000008000a20                SPIClass::beginTransaction(unsigned char, SPISettings)
 .text._ZN8SPIClass14endTransactionEv
                0x0000000008000a60        0x2 libgenericSTM32F103C_SPI.a(SPI.cpp.obj)
                0x0000000008000a60                SPIClass::endTransaction()
 .text._ZNK8SPIClass8transferEh
                0x0000000008000a62       0x1a libgenericSTM32F103C_SPI.a(SPI.cpp.obj)
                0x0000000008000a62                SPIClass::transfer(unsigned char) const
 .text._ZNK8SPIClass10transfer16Et
                0x0000000008000a7c       0x2e libgenericSTM32F103C_SPI.a(SPI.cpp.obj)
                0x0000000008000a7c                SPIClass::transfer16(unsigned short) const
 .text._ZN8SPIClass10dmaSendSetEPKvb
                0x0000000008000aaa       0x48 libgenericSTM32F103C_SPI.a(SPI.cpp.obj)
                0x0000000008000aaa                SPIClass::dmaSendSet(void const*, bool)
 *fill*         0x0000000008000af2        0x2 
 .text._ZN8SPIClass13dmaSendRepeatEt
                0x0000000008000af4       0x98 libgenericSTM32F103C_SPI.a(SPI.cpp.obj)
                0x0000000008000af4                SPIClass::dmaSendRepeat(unsigned short)
 .text._ZN8SPIClass7dmaSendEPKvtb
                0x0000000008000b8c       0x18 libgenericSTM32F103C_SPI.a(SPI.cpp.obj)
                0x0000000008000b8c                SPIClass::dmaSend(void const*, unsigned short, bool)
 .text.startup._GLOBAL__sub_I__ZN8SPIClassC2Em
                0x0000000008000ba4        0xc libgenericSTM32F103C_SPI.a(SPI.cpp.obj)
 .text.startup._GLOBAL__sub_I__ZN11EEPROMClass12EE_CheckPageEmt
                0x0000000008000bb0       0x20 libgenericSTM32F103C_EEPROM.a(EEPROM.cpp.obj)
 .text.rb_full_count
                0x0000000008000bd0       0x18 libgenericSTM32F103C_CORE.a(HardwareSerial.cpp.obj)
 .text._ZN14HardwareSerial4readEv
                0x0000000008000be8       0x38 libgenericSTM32F103C_CORE.a(HardwareSerial.cpp.obj)
                0x0000000008000be8                HardwareSerial::read()
 .text._ZN14HardwareSerial9availableEv
                0x0000000008000c20        0xc libgenericSTM32F103C_CORE.a(HardwareSerial.cpp.obj)
                0x0000000008000c20                HardwareSerial::available()
 .text._ZN14HardwareSerial4peekEv
                0x0000000008000c2c       0x20 libgenericSTM32F103C_CORE.a(HardwareSerial.cpp.obj)
                0x0000000008000c2c                HardwareSerial::peek()
 .text._ZN14HardwareSerial5flushEv
                0x0000000008000c4c       0x18 libgenericSTM32F103C_CORE.a(HardwareSerial.cpp.obj)
                0x0000000008000c4c                HardwareSerial::flush()
 .text._ZN14HardwareSerial5writeEh
                0x0000000008000c64       0x1e libgenericSTM32F103C_CORE.a(HardwareSerial.cpp.obj)
                0x0000000008000c64                HardwareSerial::write(unsigned char)
 *fill*         0x0000000008000c82        0x2 
 .text._ZN14HardwareSerialC2EP9usart_devhh
                0x0000000008000c84       0x20 libgenericSTM32F103C_CORE.a(HardwareSerial.cpp.obj)
                0x0000000008000c84                HardwareSerial::HardwareSerial(usart_dev*, unsigned char, unsigned char)
                0x0000000008000c84                HardwareSerial::HardwareSerial(usart_dev*, unsigned char, unsigned char)
 .text._ZN14HardwareSerial5beginEmh
                0x0000000008000ca4       0x68 libgenericSTM32F103C_CORE.a(HardwareSerial.cpp.obj)
                0x0000000008000ca4                HardwareSerial::begin(unsigned long, unsigned char)
 .text._ZN14HardwareSerial5beginEm
                0x0000000008000d0c        0x6 libgenericSTM32F103C_CORE.a(HardwareSerial.cpp.obj)
                0x0000000008000d0c                HardwareSerial::begin(unsigned long)
 .text._ZN14HardwareSerial3endEv
                0x0000000008000d12        0x6 libgenericSTM32F103C_CORE.a(HardwareSerial.cpp.obj)
                0x0000000008000d12                HardwareSerial::end()
 .text._ZN5Print5writeEPKvm
                0x0000000008000d18       0x20 libgenericSTM32F103C_CORE.a(Print.cpp.obj)
                0x0000000008000d18                Print::write(void const*, unsigned long)
 .text._ZN5Print5writeEPKc
                0x0000000008000d38       0x20 libgenericSTM32F103C_CORE.a(Print.cpp.obj)
                0x0000000008000d38                Print::write(char const*)
 .text._ZN5Print5printEPKc
                0x0000000008000d58        0x6 libgenericSTM32F103C_CORE.a(Print.cpp.obj)
                0x0000000008000d58                Print::print(char const*)
 .text.__cxa_pure_virtual
                0x0000000008000d5e        0x2 libgenericSTM32F103C_CORE.a(cxxabi-compat.cpp.obj)
                0x0000000008000d5e                __cxa_pure_virtual
 .text.adc_init
                0x0000000008000d60       0x14 libgenericSTM32F103C_CORE.a(adc.c.obj)
                0x0000000008000d60                adc_init
 .text.adc_set_extsel
                0x0000000008000d74       0x12 libgenericSTM32F103C_CORE.a(adc.c.obj)
                0x0000000008000d74                adc_set_extsel
 .text.adc_set_sample_rate
                0x0000000008000d86       0x2a libgenericSTM32F103C_CORE.a(adc.c.obj)
                0x0000000008000d86                adc_set_sample_rate
 .text.__irq_adc
                0x0000000008000db0       0x54 libgenericSTM32F103C_CORE.a(adc_f1.c.obj)
                0x0000000008000db0                __irq_adc
 .text.adc_calibrate
                0x0000000008000e04       0x26 libgenericSTM32F103C_CORE.a(adc_f1.c.obj)
                0x0000000008000e04                adc_calibrate
 .text.adc_set_prescaler
                0x0000000008000e2a        0x8 libgenericSTM32F103C_CORE.a(adc_f1.c.obj)
                0x0000000008000e2a                adc_set_prescaler
 *fill*         0x0000000008000e32        0x2 
 .text.adc_foreach
                0x0000000008000e34       0x20 libgenericSTM32F103C_CORE.a(adc_f1.c.obj)
                0x0000000008000e34                adc_foreach
 .text.adc_enable_single_swstart
                0x0000000008000e54       0x36 libgenericSTM32F103C_CORE.a(adc_f1.c.obj)
                0x0000000008000e54                adc_enable_single_swstart
 .text.dma_init
                0x0000000008000e8a        0x6 libgenericSTM32F103C_CORE.a(dma.c.obj)
                0x0000000008000e8a                dma_init
 .text.dma_irq_handler
                0x0000000008000e90       0x1a libgenericSTM32F103C_CORE.a(dma_f1.c.obj)
 *fill*         0x0000000008000eaa        0x2 
 .text.dma_set_priority
                0x0000000008000eac       0x3c libgenericSTM32F103C_CORE.a(dma_f1.c.obj)
                0x0000000008000eac                dma_set_priority
 .text.dma_set_num_transfers
                0x0000000008000ee8       0x34 libgenericSTM32F103C_CORE.a(dma_f1.c.obj)
                0x0000000008000ee8                dma_set_num_transfers
 .text.dma_enable
                0x0000000008000f1c       0x18 libgenericSTM32F103C_CORE.a(dma_f1.c.obj)
                0x0000000008000f1c                dma_enable
 .text.dma_disable
                0x0000000008000f34       0x18 libgenericSTM32F103C_CORE.a(dma_f1.c.obj)
                0x0000000008000f34                dma_disable
 .text.dma_setup_transfer
                0x0000000008000f4c       0x34 libgenericSTM32F103C_CORE.a(dma_f1.c.obj)
                0x0000000008000f4c                dma_setup_transfer
 .text.__irq_dma1_channel1
                0x0000000008000f80       0x10 libgenericSTM32F103C_CORE.a(dma_f1.c.obj)
                0x0000000008000f80                __irq_dma1_channel1
 .text.__irq_dma1_channel2
                0x0000000008000f90       0x10 libgenericSTM32F103C_CORE.a(dma_f1.c.obj)
                0x0000000008000f90                __irq_dma1_channel2
 .text.__irq_dma1_channel3
                0x0000000008000fa0       0x10 libgenericSTM32F103C_CORE.a(dma_f1.c.obj)
                0x0000000008000fa0                __irq_dma1_channel3
 .text.__irq_dma1_channel4
                0x0000000008000fb0       0x10 libgenericSTM32F103C_CORE.a(dma_f1.c.obj)
                0x0000000008000fb0                __irq_dma1_channel4
 .text.__irq_dma1_channel5
                0x0000000008000fc0       0x10 libgenericSTM32F103C_CORE.a(dma_f1.c.obj)
                0x0000000008000fc0                __irq_dma1_channel5
 .text.__irq_dma1_channel6
                0x0000000008000fd0       0x10 libgenericSTM32F103C_CORE.a(dma_f1.c.obj)
                0x0000000008000fd0                __irq_dma1_channel6
 .text.__irq_dma1_channel7
                0x0000000008000fe0       0x10 libgenericSTM32F103C_CORE.a(dma_f1.c.obj)
                0x0000000008000fe0                __irq_dma1_channel7
 .text          0x0000000008000ff0       0x54 libgenericSTM32F103C_CORE.a(exc.S.obj)
                0x0000000008000ff0                __exc_nmi
                0x0000000008000ff4                __exc_hardfault
                0x0000000008000ff8                __exc_memmanage
                0x0000000008000ffc                __exc_busfault
                0x0000000008001000                __exc_usagefault
 .text.dispatch_single_exti
                0x0000000008001044       0x2c libgenericSTM32F103C_CORE.a(exti.c.obj)
                0x0000000008001044                dispatch_single_exti
 .text.dispatch_extis
                0x0000000008001070       0x4c libgenericSTM32F103C_CORE.a(exti.c.obj)
                0x0000000008001070                dispatch_extis
 .text.__irq_exti0
                0x00000000080010bc        0x6 libgenericSTM32F103C_CORE.a(exti.c.obj)
                0x00000000080010bc                __irq_exti0
 .text.__irq_exti1
                0x00000000080010c2        0x6 libgenericSTM32F103C_CORE.a(exti.c.obj)
                0x00000000080010c2                __irq_exti1
 .text.__irq_exti2
                0x00000000080010c8        0x6 libgenericSTM32F103C_CORE.a(exti.c.obj)
                0x00000000080010c8                __irq_exti2
 .text.__irq_exti3
                0x00000000080010ce        0x6 libgenericSTM32F103C_CORE.a(exti.c.obj)
                0x00000000080010ce                __irq_exti3
 .text.__irq_exti4
                0x00000000080010d4        0x6 libgenericSTM32F103C_CORE.a(exti.c.obj)
                0x00000000080010d4                __irq_exti4
 .text.__irq_exti9_5
                0x00000000080010da        0x8 libgenericSTM32F103C_CORE.a(exti.c.obj)
                0x00000000080010da                __irq_exti9_5
 .text.__irq_exti15_10
                0x00000000080010e2        0x8 libgenericSTM32F103C_CORE.a(exti.c.obj)
                0x00000000080010e2                __irq_exti15_10
 *fill*         0x00000000080010ea        0x2 
 .text.flash_set_latency
                0x00000000080010ec       0x14 libgenericSTM32F103C_CORE.a(flash.c.obj)
                0x00000000080010ec                flash_set_latency
 .text.gpio_init_all
                0x0000000008001100       0x30 libgenericSTM32F103C_CORE.a(gpio_f1.c.obj)
                0x0000000008001100                gpio_init_all
 .text.gpio_set_mode
                0x0000000008001130       0x4c libgenericSTM32F103C_CORE.a(gpio_f1.c.obj)
                0x0000000008001130                gpio_set_mode
 .text.afio_init
                0x000000000800117c       0x12 libgenericSTM32F103C_CORE.a(gpio_f1.c.obj)
                0x000000000800117c                afio_init
 *fill*         0x000000000800118e        0x2 
 .text.afio_remap
                0x0000000008001190       0x20 libgenericSTM32F103C_CORE.a(gpio_f1.c.obj)
                0x0000000008001190                afio_remap
 .text.afio_is_remapped
                0x00000000080011b0       0x14 libgenericSTM32F103C_CORE.a(gpio_f1.c.obj)
                0x00000000080011b0                afio_is_remapped
 .text.nvic_irq_enable
                0x00000000080011c4       0x1c libgenericSTM32F103C_CORE.a(i2c.c.obj)
 .text.i2c_disable_irq
                0x00000000080011e0        0xc libgenericSTM32F103C_CORE.a(i2c.c.obj)
 .text.delay_us.part.0.constprop.5
                0x00000000080011ec        0xa libgenericSTM32F103C_CORE.a(i2c.c.obj)
 .text.i2c_bus_reset
                0x00000000080011f6       0xc0 libgenericSTM32F103C_CORE.a(i2c.c.obj)
                0x00000000080011f6                i2c_bus_reset
 .text.i2c_init
                0x00000000080012b6       0x1e libgenericSTM32F103C_CORE.a(i2c.c.obj)
                0x00000000080012b6                i2c_init
 .text.wait_for_state_change
                0x00000000080012d4       0x94 libgenericSTM32F103C_CORE.a(i2c.c.obj)
                0x00000000080012d4                wait_for_state_change
 .text.i2c_master_xfer
                0x0000000008001368       0xc4 libgenericSTM32F103C_CORE.a(i2c.c.obj)
                0x0000000008001368                i2c_master_xfer
 .text._i2c_irq_handler
                0x000000000800142c      0x3c4 libgenericSTM32F103C_CORE.a(i2c.c.obj)
                0x000000000800142c                _i2c_irq_handler
 .text._i2c_irq_error_handler
                0x00000000080017f0       0x84 libgenericSTM32F103C_CORE.a(i2c.c.obj)
                0x00000000080017f0                _i2c_irq_error_handler
 .text.i2c_set_ccr_trise
                0x0000000008001874       0x58 libgenericSTM32F103C_CORE.a(i2c.c.obj)
                0x0000000008001874                i2c_set_ccr_trise
 .text.i2c_master_enable
                0x00000000080018cc      0x144 libgenericSTM32F103C_CORE.a(i2c.c.obj)
                0x00000000080018cc                i2c_master_enable
 .text.i2c_config_gpios
                0x0000000008001a10       0x56 libgenericSTM32F103C_CORE.a(i2c_f1.c.obj)
                0x0000000008001a10                i2c_config_gpios
 .text.i2c_master_release_bus
                0x0000000008001a66       0x3e libgenericSTM32F103C_CORE.a(i2c_f1.c.obj)
                0x0000000008001a66                i2c_master_release_bus
 .text.__irq_i2c1_ev
                0x0000000008001aa4        0xc libgenericSTM32F103C_CORE.a(i2c_f1.c.obj)
                0x0000000008001aa4                __irq_i2c1_ev
 .text.__irq_i2c2_ev
                0x0000000008001ab0        0xc libgenericSTM32F103C_CORE.a(i2c_f1.c.obj)
                0x0000000008001ab0                __irq_i2c2_ev
 .text.__irq_i2c1_er
                0x0000000008001abc        0xc libgenericSTM32F103C_CORE.a(i2c_f1.c.obj)
                0x0000000008001abc                __irq_i2c1_er
 .text.__irq_i2c2_er
                0x0000000008001ac8        0xc libgenericSTM32F103C_CORE.a(i2c_f1.c.obj)
                0x0000000008001ac8                __irq_i2c2_er
 .text._i2c_irq_priority_fixup
                0x0000000008001ad4        0xa libgenericSTM32F103C_CORE.a(i2c_f1.c.obj)
                0x0000000008001ad4                _i2c_irq_priority_fixup
 *fill*         0x0000000008001ade        0x2 
 .text.nvic_irq_set_priority
                0x0000000008001ae0       0x28 libgenericSTM32F103C_CORE.a(nvic.c.obj)
                0x0000000008001ae0                nvic_irq_set_priority
 .text.nvic_init
                0x0000000008001b08       0x2c libgenericSTM32F103C_CORE.a(nvic.c.obj)
                0x0000000008001b08                nvic_init
 .text.rcc_dev_clk
                0x0000000008001b34        0xc libgenericSTM32F103C_CORE.a(rcc.c.obj)
                0x0000000008001b34                rcc_dev_clk
 .text.rcc_switch_sysclk
                0x0000000008001b40       0x20 libgenericSTM32F103C_CORE.a(rcc.c.obj)
                0x0000000008001b40                rcc_switch_sysclk
 .text.rcc_turn_on_clk
                0x0000000008001b60       0x18 libgenericSTM32F103C_CORE.a(rcc.c.obj)
                0x0000000008001b60                rcc_turn_on_clk
 .text.rcc_turn_off_clk
                0x0000000008001b78       0x1c libgenericSTM32F103C_CORE.a(rcc.c.obj)
                0x0000000008001b78                rcc_turn_off_clk
 .text.rcc_is_clk_on
                0x0000000008001b94       0x1e libgenericSTM32F103C_CORE.a(rcc.c.obj)
                0x0000000008001b94                rcc_is_clk_on
 .text.rcc_is_clk_ready
                0x0000000008001bb2       0x18 libgenericSTM32F103C_CORE.a(rcc.c.obj)
                0x0000000008001bb2                rcc_is_clk_ready
 *fill*         0x0000000008001bca        0x2 
 .text.rcc_configure_pll
                0x0000000008001bcc       0x38 libgenericSTM32F103C_CORE.a(rcc_f1.c.obj)
                0x0000000008001bcc                rcc_configure_pll
 .text.rcc_clk_enable
                0x0000000008001c04       0x30 libgenericSTM32F103C_CORE.a(rcc_f1.c.obj)
                0x0000000008001c04                rcc_clk_enable
 .text.rcc_reset_dev
                0x0000000008001c34       0x34 libgenericSTM32F103C_CORE.a(rcc_f1.c.obj)
                0x0000000008001c34                rcc_reset_dev
 .text.rcc_set_prescaler
                0x0000000008001c68       0x20 libgenericSTM32F103C_CORE.a(rcc_f1.c.obj)
                0x0000000008001c68                rcc_set_prescaler
 .text.rcc_clk_disable
                0x0000000008001c88       0x30 libgenericSTM32F103C_CORE.a(rcc_f1.c.obj)
                0x0000000008001c88                rcc_clk_disable
 .text.bb_peri_set_bit
                0x0000000008001cb8        0xe libgenericSTM32F103C_CORE.a(spi.c.obj)
 .text.spi_init
                0x0000000008001cc6       0x14 libgenericSTM32F103C_CORE.a(spi.c.obj)
                0x0000000008001cc6                spi_init
 .text.spi_peripheral_enable
                0x0000000008001cda        0xa libgenericSTM32F103C_CORE.a(spi.c.obj)
                0x0000000008001cda                spi_peripheral_enable
 .text.spi_peripheral_disable
                0x0000000008001ce4        0xa libgenericSTM32F103C_CORE.a(spi.c.obj)
                0x0000000008001ce4                spi_peripheral_disable
 .text.spi_reconfigure
                0x0000000008001cee       0x2c libgenericSTM32F103C_CORE.a(spi.c.obj)
 .text.spi_master_enable
                0x0000000008001d1a        0xc libgenericSTM32F103C_CORE.a(spi.c.obj)
                0x0000000008001d1a                spi_master_enable
 .text.spi_tx_dma_enable
                0x0000000008001d26        0xc libgenericSTM32F103C_CORE.a(spi.c.obj)
                0x0000000008001d26                spi_tx_dma_enable
 .text.spi_tx_dma_disable
                0x0000000008001d32        0xc libgenericSTM32F103C_CORE.a(spi.c.obj)
                0x0000000008001d32                spi_tx_dma_disable
 .text.spi_config_gpios
                0x0000000008001d3e       0x56 libgenericSTM32F103C_CORE.a(spi_f1.c.obj)
                0x0000000008001d3e                spi_config_gpios
 .text          0x0000000008001d94        0x2 libgenericSTM32F103C_CORE.a(isrs.S.obj)
                0x0000000008001d94                __stm32reservedexception9
                0x0000000008001d94                __exc_debug_monitor
                0x0000000008001d94                __irq_can_rx1
                0x0000000008001d94                __irq_spi2
                0x0000000008001d94                __irq_can_sce
                0x0000000008001d94                __irq_pvd
                0x0000000008001d94                __irq_tamper
                0x0000000008001d94                __default_handler
                0x0000000008001d94                __irq_wwdg
                0x0000000008001d94                __stm32reservedexception10
                0x0000000008001d94                __irq_flash
                0x0000000008001d94                __stm32reservedexception13
                0x0000000008001d94                __irq_rtc
                0x0000000008001d94                __irq_spi1
                0x0000000008001d94                __stm32reservedexception7
                0x0000000008001d94                __irq_usb_hp_can_tx
                0x0000000008001d94                __irq_rtcalarm
                0x0000000008001d94                __stm32reservedexception8
                0x0000000008001d94                __irq_usbwakeup
                0x0000000008001d94                __irq_rcc
 *fill*         0x0000000008001d96        0x2 
 .text.systick_init
                0x0000000008001d98       0x10 libgenericSTM32F103C_CORE.a(systick.c.obj)
                0x0000000008001d98                systick_init
 .text.systick_attach_callback
                0x0000000008001da8        0xc libgenericSTM32F103C_CORE.a(systick.c.obj)
                0x0000000008001da8                systick_attach_callback
 .text.__exc_systick
                0x0000000008001db4       0x1c libgenericSTM32F103C_CORE.a(systick.c.obj)
                0x0000000008001db4                __exc_systick
 .text.timer_oc_set_mode
                0x0000000008001dd0       0x32 libgenericSTM32F103C_CORE.a(timer.c.obj)
 .text.dispatch_general
                0x0000000008001e02       0x66 libgenericSTM32F103C_CORE.a(timer.c.obj)
 .text.timer_cc_enable
                0x0000000008001e68       0x1c libgenericSTM32F103C_CORE.a(timer.c.obj)
 .text.timer_foreach
                0x0000000008001e84       0x2c libgenericSTM32F103C_CORE.a(timer.c.obj)
                0x0000000008001e84                timer_foreach
 .text.timer_init
                0x0000000008001eb0       0x14 libgenericSTM32F103C_CORE.a(timer.c.obj)
                0x0000000008001eb0                timer_init
 .text.timer_has_cc_channel
                0x0000000008001ec4       0x50 libgenericSTM32F103C_CORE.a(timer.c.obj)
                0x0000000008001ec4                timer_has_cc_channel
 .text.timer_detach_interrupt
                0x0000000008001f14       0x1e libgenericSTM32F103C_CORE.a(timer.c.obj)
                0x0000000008001f14                timer_detach_interrupt
 .text.input_capture_mode
                0x0000000008001f32       0x1a libgenericSTM32F103C_CORE.a(timer.c.obj)
                0x0000000008001f32                input_capture_mode
 .text.timer_set_mode
                0x0000000008001f4c       0xc8 libgenericSTM32F103C_CORE.a(timer.c.obj)
                0x0000000008001f4c                timer_set_mode
 .text.__irq_tim1_brk
                0x0000000008002014       0x24 libgenericSTM32F103C_CORE.a(timer.c.obj)
                0x0000000008002014                __irq_tim1_brk
 .text.__irq_tim1_up
                0x0000000008002038       0x24 libgenericSTM32F103C_CORE.a(timer.c.obj)
                0x0000000008002038                __irq_tim1_up
 .text.__irq_tim1_trg_com
                0x000000000800205c       0x34 libgenericSTM32F103C_CORE.a(timer.c.obj)
                0x000000000800205c                __irq_tim1_trg_com
 .text.__irq_tim1_cc
                0x0000000008002090       0x50 libgenericSTM32F103C_CORE.a(timer.c.obj)
                0x0000000008002090                __irq_tim1_cc
 .text.__irq_tim2
                0x00000000080020e0        0xc libgenericSTM32F103C_CORE.a(timer.c.obj)
                0x00000000080020e0                __irq_tim2
 .text.__irq_tim3
                0x00000000080020ec        0xc libgenericSTM32F103C_CORE.a(timer.c.obj)
                0x00000000080020ec                __irq_tim3
 .text.__irq_tim4
                0x00000000080020f8        0xc libgenericSTM32F103C_CORE.a(timer.c.obj)
                0x00000000080020f8                __irq_tim4
 .text.usart_init
                0x0000000008002104       0x4c libgenericSTM32F103C_CORE.a(usart.c.obj)
                0x0000000008002104                usart_init
 .text.usart_enable
                0x0000000008002150       0x14 libgenericSTM32F103C_CORE.a(usart.c.obj)
                0x0000000008002150                usart_enable
 .text.usart_disable
                0x0000000008002164       0x34 libgenericSTM32F103C_CORE.a(usart.c.obj)
                0x0000000008002164                usart_disable
 .text.usart_tx
                0x0000000008002198       0x8a libgenericSTM32F103C_CORE.a(usart.c.obj)
                0x0000000008002198                usart_tx
 .text.usart_putudec
                0x0000000008002222       0x4c libgenericSTM32F103C_CORE.a(usart.c.obj)
                0x0000000008002222                usart_putudec
 .text.usart_irq
                0x000000000800226e       0xb4 libgenericSTM32F103C_CORE.a(usart_f1.c.obj)
 .text.usart_config_gpios_async
                0x0000000008002322       0x4a libgenericSTM32F103C_CORE.a(usart_f1.c.obj)
                0x0000000008002322                usart_config_gpios_async
 .text.usart_set_baud_rate
                0x000000000800236c       0x50 libgenericSTM32F103C_CORE.a(usart_f1.c.obj)
                0x000000000800236c                usart_set_baud_rate
 .text.__irq_usart1
                0x00000000080023bc       0x18 libgenericSTM32F103C_CORE.a(usart_f1.c.obj)
                0x00000000080023bc                __irq_usart1
 .text.__irq_usart2
                0x00000000080023d4       0x18 libgenericSTM32F103C_CORE.a(usart_f1.c.obj)
                0x00000000080023d4                __irq_usart2
 .text.__irq_usart3
                0x00000000080023ec       0x18 libgenericSTM32F103C_CORE.a(usart_f1.c.obj)
                0x00000000080023ec                __irq_usart3
 .text._usart_clock_freq
                0x0000000008002404       0x24 libgenericSTM32F103C_CORE.a(usart_private.c.obj)
                0x0000000008002404                _usart_clock_freq
 .text.set_rx_tx_status0
                0x0000000008002428       0x30 libgenericSTM32F103C_CORE.a(usb.c.obj)
 .text.usb_resume
                0x0000000008002458       0xb0 libgenericSTM32F103C_CORE.a(usb.c.obj)
 .text.__irq_usb_lp_can_rx0
                0x0000000008002508      0x1bc libgenericSTM32F103C_CORE.a(usb.c.obj)
                0x0000000008002508                __irq_usb_lp_can_rx0
 .text.usb_set_ep_rx_stat
                0x00000000080026c4       0x22 libgenericSTM32F103C_CORE.a(usb_cdcacm.c.obj)
 *fill*         0x00000000080026e6        0x2 
 .text.vcomGetSetLineCoding
                0x00000000080026e8       0x18 libgenericSTM32F103C_CORE.a(usb_cdcacm.c.obj)
 .text.usbInit  0x0000000008002700       0x44 libgenericSTM32F103C_CORE.a(usb_cdcacm.c.obj)
 .text.usbDataSetup
                0x0000000008002744       0x54 libgenericSTM32F103C_CORE.a(usb_cdcacm.c.obj)
 .text.usbNoDataSetup
                0x0000000008002798       0x50 libgenericSTM32F103C_CORE.a(usb_cdcacm.c.obj)
 .text.usbGetInterfaceSetting
                0x00000000080027e8       0x10 libgenericSTM32F103C_CORE.a(usb_cdcacm.c.obj)
 .text.usbGetStringDescriptor
                0x00000000080027f8       0x20 libgenericSTM32F103C_CORE.a(usb_cdcacm.c.obj)
 .text.usbGetConfigDescriptor
                0x0000000008002818        0xc libgenericSTM32F103C_CORE.a(usb_cdcacm.c.obj)
 .text.usbGetDeviceDescriptor
                0x0000000008002824        0xc libgenericSTM32F103C_CORE.a(usb_cdcacm.c.obj)
 .text.usbReset
                0x0000000008002830      0x15c libgenericSTM32F103C_CORE.a(usb_cdcacm.c.obj)
 .text.usb_set_ep_rx_count
                0x000000000800298c       0x48 libgenericSTM32F103C_CORE.a(usb_reg_map.c.obj)
                0x000000000800298c                usb_set_ep_rx_count
 .text.Standard_GetConfiguration
                0x00000000080029d4       0x24 libgenericSTM32F103C_CORE.a(usb_core.c.obj)
                0x00000000080029d4                Standard_GetConfiguration
 .text.Standard_GetInterface
                0x00000000080029f8       0x24 libgenericSTM32F103C_CORE.a(usb_core.c.obj)
                0x00000000080029f8                Standard_GetInterface
 .text.Standard_GetStatus
                0x0000000008002a1c       0x88 libgenericSTM32F103C_CORE.a(usb_core.c.obj)
                0x0000000008002a1c                Standard_GetStatus
 .text.DataStageIn
                0x0000000008002aa4       0xac libgenericSTM32F103C_CORE.a(usb_core.c.obj)
 .text.Standard_SetConfiguration
                0x0000000008002b50       0x38 libgenericSTM32F103C_CORE.a(usb_core.c.obj)
                0x0000000008002b50                Standard_SetConfiguration
 .text.Standard_SetInterface
                0x0000000008002b88       0x4c libgenericSTM32F103C_CORE.a(usb_core.c.obj)
                0x0000000008002b88                Standard_SetInterface
 .text.Standard_ClearFeature
                0x0000000008002bd4       0xc4 libgenericSTM32F103C_CORE.a(usb_core.c.obj)
                0x0000000008002bd4                Standard_ClearFeature
 .text.Standard_SetEndPointFeature
                0x0000000008002c98       0x7c libgenericSTM32F103C_CORE.a(usb_core.c.obj)
                0x0000000008002c98                Standard_SetEndPointFeature
 .text.Standard_SetDeviceFeature
                0x0000000008002d14       0x24 libgenericSTM32F103C_CORE.a(usb_core.c.obj)
                0x0000000008002d14                Standard_SetDeviceFeature
 .text.Standard_GetDescriptorData
                0x0000000008002d38       0x1c libgenericSTM32F103C_CORE.a(usb_core.c.obj)
                0x0000000008002d38                Standard_GetDescriptorData
 .text.Post0_Process
                0x0000000008002d54       0x40 libgenericSTM32F103C_CORE.a(usb_core.c.obj)
                0x0000000008002d54                Post0_Process
 .text.Setup0_Process
                0x0000000008002d94      0x2bc libgenericSTM32F103C_CORE.a(usb_core.c.obj)
                0x0000000008002d94                Setup0_Process
 .text.Out0_Process
                0x0000000008003050       0xc0 libgenericSTM32F103C_CORE.a(usb_core.c.obj)
                0x0000000008003050                Out0_Process
 .text.SetDeviceAddress
                0x0000000008003110       0x38 libgenericSTM32F103C_CORE.a(usb_core.c.obj)
                0x0000000008003110                SetDeviceAddress
 .text.In0_Process
                0x0000000008003148       0x5c libgenericSTM32F103C_CORE.a(usb_core.c.obj)
                0x0000000008003148                In0_Process
 .text.NOP_Process
                0x00000000080031a4        0x2 libgenericSTM32F103C_CORE.a(usb_core.c.obj)
                0x00000000080031a4                NOP_Process
 .text.UserToPMABufferCopy
                0x00000000080031a6       0x1e libgenericSTM32F103C_CORE.a(usb_mem.c.obj)
                0x00000000080031a6                UserToPMABufferCopy
 .text.PMAToUserBufferCopy
                0x00000000080031c4       0x32 libgenericSTM32F103C_CORE.a(usb_mem.c.obj)
                0x00000000080031c4                PMAToUserBufferCopy
 .text.SetEPTxStatus
                0x00000000080031f6       0x2a libgenericSTM32F103C_CORE.a(usb_regs.c.obj)
                0x00000000080031f6                SetEPTxStatus
 .text.ClearDTOG_RX
                0x0000000008003220       0x26 libgenericSTM32F103C_CORE.a(usb_regs.c.obj)
                0x0000000008003220                ClearDTOG_RX
 .text.ClearDTOG_TX
                0x0000000008003246       0x26 libgenericSTM32F103C_CORE.a(usb_regs.c.obj)
                0x0000000008003246                ClearDTOG_TX
 .text.GetEPTxAddr
                0x000000000800326c       0x1c libgenericSTM32F103C_CORE.a(usb_regs.c.obj)
                0x000000000800326c                GetEPTxAddr
 .text.GetEPRxAddr
                0x0000000008003288       0x1c libgenericSTM32F103C_CORE.a(usb_regs.c.obj)
                0x0000000008003288                GetEPRxAddr
 .text.SetEPTxCount
                0x00000000080032a4       0x1c libgenericSTM32F103C_CORE.a(usb_regs.c.obj)
                0x00000000080032a4                SetEPTxCount
 .text.SetEPRxCount
                0x00000000080032c0       0x40 libgenericSTM32F103C_CORE.a(usb_regs.c.obj)
                0x00000000080032c0                SetEPRxCount
 .text.usart_putc
                0x0000000008003300       0x1c libgenericSTM32F103C_CORE.a(util.c.obj)
 .text.usart_putstr
                0x000000000800331c       0x16 libgenericSTM32F103C_CORE.a(util.c.obj)
 *fill*         0x0000000008003332        0x2 
 .text.throb    0x0000000008003334       0x58 libgenericSTM32F103C_CORE.a(util.c.obj)
                0x0000000008003334                throb
 .text.__error  0x000000000800338c       0x14 libgenericSTM32F103C_CORE.a(util.c.obj)
                0x000000000800338c                __error
 .text._fail    0x00000000080033a0       0x64 libgenericSTM32F103C_CORE.a(util.c.obj)
                0x00000000080033a0                _fail
 .text.startup._Z7premainv
                0x0000000008003404        0x4 libgenericSTM32F103C_CORE.a(main.cpp.obj)
                0x0000000008003404                premain()
 .text.startup.main
                0x0000000008003408        0xc libgenericSTM32F103C_CORE.a(main.cpp.obj)
                0x0000000008003408                main
 .text._Znwj    0x0000000008003414        0x4 libgenericSTM32F103C_CORE.a(new.cpp.obj)
                0x0000000008003414                operator new(unsigned int)
 .text._Znaj    0x0000000008003418        0x4 libgenericSTM32F103C_CORE.a(new.cpp.obj)
                0x0000000008003418                operator new[](unsigned int)
 .text._ZdlPv   0x000000000800341c        0x4 libgenericSTM32F103C_CORE.a(new.cpp.obj)
                0x000000000800341c                operator delete(void*)
 .text._Z7pinModeh13WiringPinMode
                0x0000000008003420       0x70 libgenericSTM32F103C_CORE.a(wirish_digital_f1.cpp.obj)
                0x0000000008003420                pinMode(unsigned char, WiringPinMode)
 .text._Z12digitalWritehh
                0x0000000008003490       0x2c libgenericSTM32F103C_CORE.a(wirish_digital.cpp.obj)
                0x0000000008003490                digitalWrite(unsigned char, unsigned char)
 .text._ZL6microsv
                0x00000000080034bc       0x48 libgenericSTM32F103C_CORE.a(wirish_time.cpp.obj)
 .text._Z5delaym
                0x0000000008003504       0x26 libgenericSTM32F103C_CORE.a(wirish_time.cpp.obj)
                0x0000000008003504                delay(unsigned long)
 .text._Z17delayMicrosecondsm
                0x000000000800352a       0x10 libgenericSTM32F103C_CORE.a(wirish_time.cpp.obj)
                0x000000000800352a                delayMicroseconds(unsigned long)
 .text.__empty  0x000000000800353a        0x2 libgenericSTM32F103C_CORE.a(hooks.c.obj)
                0x000000000800353a                yield
 .text.gpio_init
                0x000000000800353c       0x14 libgenericSTM32F103C_CORE.a(gpio.c.obj)
                0x000000000800353c                gpio_init
 .text.prvResetNextTaskUnblockTime
                0x0000000008003550       0x24 FreeRTOS/libgenericSTM32F103C_FreeRTOS.a(tasks.c.obj)
 .text.prvAddCurrentTaskToDelayedList
                0x0000000008003574       0x8c FreeRTOS/libgenericSTM32F103C_FreeRTOS.a(tasks.c.obj)
 .text.prvIdleTask
                0x0000000008003600       0x6c FreeRTOS/libgenericSTM32F103C_FreeRTOS.a(tasks.c.obj)
 .text.xTaskCreate
                0x000000000800366c      0x1ac FreeRTOS/libgenericSTM32F103C_FreeRTOS.a(tasks.c.obj)
                0x000000000800366c                xTaskCreate
 .text.vTaskStartScheduler
                0x0000000008003818       0x6c FreeRTOS/libgenericSTM32F103C_FreeRTOS.a(tasks.c.obj)
                0x0000000008003818                vTaskStartScheduler
 .text.vTaskSuspendAll
                0x0000000008003884       0x10 FreeRTOS/libgenericSTM32F103C_FreeRTOS.a(tasks.c.obj)
                0x0000000008003884                vTaskSuspendAll
 .text.xTaskGetTickCount
                0x0000000008003894        0xc FreeRTOS/libgenericSTM32F103C_FreeRTOS.a(tasks.c.obj)
                0x0000000008003894                xTaskGetTickCount
 .text.xTaskIncrementTick
                0x00000000080038a0       0xec FreeRTOS/libgenericSTM32F103C_FreeRTOS.a(tasks.c.obj)
                0x00000000080038a0                xTaskIncrementTick
 .text.xTaskResumeAll
                0x000000000800398c       0xd8 FreeRTOS/libgenericSTM32F103C_FreeRTOS.a(tasks.c.obj)
                0x000000000800398c                xTaskResumeAll
 .text.vTaskDelay
                0x0000000008003a64       0x30 FreeRTOS/libgenericSTM32F103C_FreeRTOS.a(tasks.c.obj)
                0x0000000008003a64                vTaskDelay
 .text.vTaskSwitchContext
                0x0000000008003a94       0x90 FreeRTOS/libgenericSTM32F103C_FreeRTOS.a(tasks.c.obj)
                0x0000000008003a94                vTaskSwitchContext
 .text.vTaskPlaceOnEventList
                0x0000000008003b24       0x20 FreeRTOS/libgenericSTM32F103C_FreeRTOS.a(tasks.c.obj)
                0x0000000008003b24                vTaskPlaceOnEventList
 .text.vTaskPlaceOnEventListRestricted
                0x0000000008003b44       0x2c FreeRTOS/libgenericSTM32F103C_FreeRTOS.a(tasks.c.obj)
                0x0000000008003b44                vTaskPlaceOnEventListRestricted
 .text.xTaskRemoveFromEventList
                0x0000000008003b70       0x70 FreeRTOS/libgenericSTM32F103C_FreeRTOS.a(tasks.c.obj)
                0x0000000008003b70                xTaskRemoveFromEventList
 .text.vTaskInternalSetTimeOutState
                0x0000000008003be0       0x18 FreeRTOS/libgenericSTM32F103C_FreeRTOS.a(tasks.c.obj)
                0x0000000008003be0                vTaskInternalSetTimeOutState
 .text.xTaskCheckForTimeOut
                0x0000000008003bf8       0x50 FreeRTOS/libgenericSTM32F103C_FreeRTOS.a(tasks.c.obj)
                0x0000000008003bf8                xTaskCheckForTimeOut
 .text.vTaskMissedYield
                0x0000000008003c48        0xc FreeRTOS/libgenericSTM32F103C_FreeRTOS.a(tasks.c.obj)
                0x0000000008003c48                vTaskMissedYield
 .text.xTaskGetCurrentTaskHandle
                0x0000000008003c54        0xc FreeRTOS/libgenericSTM32F103C_FreeRTOS.a(tasks.c.obj)
                0x0000000008003c54                xTaskGetCurrentTaskHandle
 .text.xTaskGetSchedulerState
                0x0000000008003c60       0x20 FreeRTOS/libgenericSTM32F103C_FreeRTOS.a(tasks.c.obj)
                0x0000000008003c60                xTaskGetSchedulerState
 .text.xTaskPriorityInherit
                0x0000000008003c80       0xa4 FreeRTOS/libgenericSTM32F103C_FreeRTOS.a(tasks.c.obj)
                0x0000000008003c80                xTaskPriorityInherit
 .text.xTaskPriorityDisinherit
                0x0000000008003d24       0x70 FreeRTOS/libgenericSTM32F103C_FreeRTOS.a(tasks.c.obj)
                0x0000000008003d24                xTaskPriorityDisinherit
 .text.vTaskPriorityDisinheritAfterTimeout
                0x0000000008003d94       0x7c FreeRTOS/libgenericSTM32F103C_FreeRTOS.a(tasks.c.obj)
                0x0000000008003d94                vTaskPriorityDisinheritAfterTimeout
 .text.pvTaskIncrementMutexHeldCount
                0x0000000008003e10       0x18 FreeRTOS/libgenericSTM32F103C_FreeRTOS.a(tasks.c.obj)
                0x0000000008003e10                pvTaskIncrementMutexHeldCount
 .text.prvCheckForValidListAndQueue
                0x0000000008003e28       0x4c FreeRTOS/libgenericSTM32F103C_FreeRTOS.a(timers.c.obj)
 .text.prvInsertTimerInActiveList
                0x0000000008003e74       0x3c FreeRTOS/libgenericSTM32F103C_FreeRTOS.a(timers.c.obj)
 .text.xTimerCreateTimerTask
                0x0000000008003eb0       0x38 FreeRTOS/libgenericSTM32F103C_FreeRTOS.a(timers.c.obj)
                0x0000000008003eb0                xTimerCreateTimerTask
 .text.xTimerGenericCommand
                0x0000000008003ee8       0x40 FreeRTOS/libgenericSTM32F103C_FreeRTOS.a(timers.c.obj)
                0x0000000008003ee8                xTimerGenericCommand
 .text.prvSwitchTimerLists
                0x0000000008003f28       0x6c FreeRTOS/libgenericSTM32F103C_FreeRTOS.a(timers.c.obj)
 .text.prvTimerTask
                0x0000000008003f94      0x1bc FreeRTOS/libgenericSTM32F103C_FreeRTOS.a(timers.c.obj)
 .text.prvTaskExitError
                0x0000000008004150       0x20 FreeRTOS/libgenericSTM32F103C_FreeRTOS.a(port.c.obj)
 .text.vPortStartFirstTask
                0x0000000008004170       0x34 FreeRTOS/libgenericSTM32F103C_FreeRTOS.a(port.c.obj)
 .text.xPortSysTickHandler
                0x00000000080041a4       0x30 FreeRTOS/libgenericSTM32F103C_FreeRTOS.a(port.c.obj)
                0x00000000080041a4                xPortSysTickHandler
 .text.pxPortInitialiseStack
                0x00000000080041d4       0x1c FreeRTOS/libgenericSTM32F103C_FreeRTOS.a(port.c.obj)
                0x00000000080041d4                pxPortInitialiseStack
 .text.__exc_svc
                0x00000000080041f0        0x2 FreeRTOS/libgenericSTM32F103C_FreeRTOS.a(port.c.obj)
                0x00000000080041f0                __exc_svc
 *fill*         0x00000000080041f2        0x2 
 .text.xPortStartScheduler
                0x00000000080041f4       0x3c FreeRTOS/libgenericSTM32F103C_FreeRTOS.a(port.c.obj)
                0x00000000080041f4                xPortStartScheduler
 .text.vPortEnterCritical
                0x0000000008004230       0x28 FreeRTOS/libgenericSTM32F103C_FreeRTOS.a(port.c.obj)
                0x0000000008004230                vPortEnterCritical
 .text.vPortExitCritical
                0x0000000008004258       0x14 FreeRTOS/libgenericSTM32F103C_FreeRTOS.a(port.c.obj)
                0x0000000008004258                vPortExitCritical
 *fill*         0x000000000800426c        0x4 
 .text.__exc_pendsv
                0x0000000008004270       0x48 FreeRTOS/libgenericSTM32F103C_FreeRTOS.a(port.c.obj)
                0x0000000008004270                __exc_pendsv
 .text.vApplicationStackOverflowHook
                0x00000000080042b8        0xc FreeRTOS/libgenericSTM32F103C_FreeRTOS.a(port.c.obj)
                0x00000000080042b8                vApplicationStackOverflowHook
 .text.pvPortMalloc
                0x00000000080042c4       0x5c FreeRTOS/libgenericSTM32F103C_FreeRTOS.a(heap_1.c.obj)
                0x00000000080042c4                pvPortMalloc
 .text.vPortFree
                0x0000000008004320        0x2 FreeRTOS/libgenericSTM32F103C_FreeRTOS.a(heap_1.c.obj)
                0x0000000008004320                vPortFree
 .text._ZN5xTask10TrampolineEPv
                0x0000000008004322        0x6 FreeRTOS/libgenericSTM32F103C_FreeRTOS.a(MapleFreeRTOS1000_pp.cpp.obj)
                0x0000000008004322                xTask::Trampoline(void*)
 .text.do_assert
                0x0000000008004328        0x4 FreeRTOS/libgenericSTM32F103C_FreeRTOS.a(MapleFreeRTOS1000_pp.cpp.obj)
                0x0000000008004328                do_assert
 .text.vApplicationMallocFailedHook
                0x000000000800432c        0x4 FreeRTOS/libgenericSTM32F103C_FreeRTOS.a(MapleFreeRTOS1000_pp.cpp.obj)
                0x000000000800432c                vApplicationMallocFailedHook
 .text._Z6xDelayi
                0x0000000008004330        0x6 FreeRTOS/libgenericSTM32F103C_FreeRTOS.a(MapleFreeRTOS1000_pp.cpp.obj)
                0x0000000008004330                xDelay(int)
 .text._ZN6xMutexC2Ev
                0x0000000008004336       0x10 FreeRTOS/libgenericSTM32F103C_FreeRTOS.a(MapleFreeRTOS1000_pp.cpp.obj)
                0x0000000008004336                xMutex::xMutex()
                0x0000000008004336                xMutex::xMutex()
 .text._ZN6xMutex4lockEv
                0x0000000008004346       0x16 FreeRTOS/libgenericSTM32F103C_FreeRTOS.a(MapleFreeRTOS1000_pp.cpp.obj)
                0x0000000008004346                xMutex::lock()
 .text._ZN6xMutex6unlockEv
                0x000000000800435c       0x12 FreeRTOS/libgenericSTM32F103C_FreeRTOS.a(MapleFreeRTOS1000_pp.cpp.obj)
                0x000000000800435c                xMutex::unlock()
 *fill*         0x000000000800436e        0x2 
 .text._ZN5xTaskC2EPKcii
                0x0000000008004370       0x30 FreeRTOS/libgenericSTM32F103C_FreeRTOS.a(MapleFreeRTOS1000_pp.cpp.obj)
                0x0000000008004370                xTask::xTask(char const*, int, int)
                0x0000000008004370                xTask::xTask(char const*, int, int)
 .text._ZN5xTaskD0Ev
                0x00000000080043a0        0xc FreeRTOS/libgenericSTM32F103C_FreeRTOS.a(MapleFreeRTOS1000_pp.cpp.obj)
                0x00000000080043a0                xTask::~xTask()
                0x00000000080043a0                xTask::~xTask()
                0x00000000080043a0                xTask::~xTask()
 .text.vListInitialise
                0x00000000080043ac       0x16 FreeRTOS/libgenericSTM32F103C_FreeRTOS.a(list.c.obj)
                0x00000000080043ac                vListInitialise
 .text.vListInitialiseItem
                0x00000000080043c2        0x6 FreeRTOS/libgenericSTM32F103C_FreeRTOS.a(list.c.obj)
                0x00000000080043c2                vListInitialiseItem
 .text.vListInsertEnd
                0x00000000080043c8       0x18 FreeRTOS/libgenericSTM32F103C_FreeRTOS.a(list.c.obj)
                0x00000000080043c8                vListInsertEnd
 .text.vListInsert
                0x00000000080043e0       0x2e FreeRTOS/libgenericSTM32F103C_FreeRTOS.a(list.c.obj)
                0x00000000080043e0                vListInsert
 .text.uxListRemove
                0x000000000800440e       0x20 FreeRTOS/libgenericSTM32F103C_FreeRTOS.a(list.c.obj)
                0x000000000800440e                uxListRemove
 .text.prvIsQueueEmpty
                0x000000000800442e       0x16 FreeRTOS/libgenericSTM32F103C_FreeRTOS.a(queue.c.obj)
 .text.prvCopyDataToQueue
                0x0000000008004444       0x66 FreeRTOS/libgenericSTM32F103C_FreeRTOS.a(queue.c.obj)
 .text.prvCopyDataFromQueue
                0x00000000080044aa       0x28 FreeRTOS/libgenericSTM32F103C_FreeRTOS.a(queue.c.obj)
 .text.prvUnlockQueue
                0x00000000080044d2       0x70 FreeRTOS/libgenericSTM32F103C_FreeRTOS.a(queue.c.obj)
 *fill*         0x0000000008004542        0x2 
 .text.xQueueGenericReset
                0x0000000008004544       0x6c FreeRTOS/libgenericSTM32F103C_FreeRTOS.a(queue.c.obj)
                0x0000000008004544                xQueueGenericReset
 .text.xQueueGenericCreate
                0x00000000080045b0       0x3c FreeRTOS/libgenericSTM32F103C_FreeRTOS.a(queue.c.obj)
                0x00000000080045b0                xQueueGenericCreate
 .text.xQueueGenericSend
                0x00000000080045ec       0xfc FreeRTOS/libgenericSTM32F103C_FreeRTOS.a(queue.c.obj)
                0x00000000080045ec                xQueueGenericSend
 .text.xQueueCreateMutex
                0x00000000080046e8       0x30 FreeRTOS/libgenericSTM32F103C_FreeRTOS.a(queue.c.obj)
                0x00000000080046e8                xQueueCreateMutex
 .text.xQueueGiveMutexRecursive
                0x0000000008004718       0x34 FreeRTOS/libgenericSTM32F103C_FreeRTOS.a(queue.c.obj)
                0x0000000008004718                xQueueGiveMutexRecursive
 .text.xQueueGenericSendFromISR
                0x000000000800474c       0x74 FreeRTOS/libgenericSTM32F103C_FreeRTOS.a(queue.c.obj)
                0x000000000800474c                xQueueGenericSendFromISR
 .text.xQueueReceive
                0x00000000080047c0       0xf0 FreeRTOS/libgenericSTM32F103C_FreeRTOS.a(queue.c.obj)
                0x00000000080047c0                xQueueReceive
 .text.xQueueSemaphoreTake
                0x00000000080048b0      0x128 FreeRTOS/libgenericSTM32F103C_FreeRTOS.a(queue.c.obj)
                0x00000000080048b0                xQueueSemaphoreTake
 .text.xQueueTakeMutexRecursive
                0x00000000080049d8       0x3c FreeRTOS/libgenericSTM32F103C_FreeRTOS.a(queue.c.obj)
                0x00000000080049d8                xQueueTakeMutexRecursive
 .text.vQueueWaitForMessageRestricted
                0x0000000008004a14       0x46 FreeRTOS/libgenericSTM32F103C_FreeRTOS.a(queue.c.obj)
                0x0000000008004a14                vQueueWaitForMessageRestricted
 .text._ZN8TFT_eSPI7spiLockEv
                0x0000000008004a5a        0x2 TFT_eSPI/libgenericSTM32F103C_TFT_eSPI.a(TFT_eSPI.cpp.obj)
                0x0000000008004a5a                TFT_eSPI::spiLock()
 .text._ZN8TFT_eSPI9spiUnlockEv
                0x0000000008004a5c        0x2 TFT_eSPI/libgenericSTM32F103C_TFT_eSPI.a(TFT_eSPI.cpp.obj)
                0x0000000008004a5c                TFT_eSPI::spiUnlock()
 .text._ZN8TFT_eSPI5widthEv
                0x0000000008004a5e        0x6 TFT_eSPI/libgenericSTM32F103C_TFT_eSPI.a(TFT_eSPI.cpp.obj)
                0x0000000008004a5e                TFT_eSPI::width()
 .text._ZN8TFT_eSPI6heightEv
                0x0000000008004a64        0x6 TFT_eSPI/libgenericSTM32F103C_TFT_eSPI.a(TFT_eSPI.cpp.obj)
                0x0000000008004a64                TFT_eSPI::height()
 *fill*         0x0000000008004a6a        0x2 
 .text._ZN8TFT_eSPI12writecommandEh.part.1
                0x0000000008004a6c       0x24 TFT_eSPI/libgenericSTM32F103C_TFT_eSPI.a(TFT_eSPI.cpp.obj)
 .text._ZN8SPIClass16beginTransactionE11SPISettings
                0x0000000008004a90       0x34 TFT_eSPI/libgenericSTM32F103C_TFT_eSPI.a(TFT_eSPI.cpp.obj)
                0x0000000008004a90                SPIClass::beginTransaction(SPISettings)
 .text._ZN8TFT_eSPI9drawPixelEllm
                0x0000000008004ac4      0x124 TFT_eSPI/libgenericSTM32F103C_TFT_eSPI.a(TFT_eSPI.cpp.obj)
                0x0000000008004ac4                TFT_eSPI::drawPixel(long, long, unsigned long)
 .text._ZN8TFT_eSPI9pushBlockEtm
                0x0000000008004be8       0x6c TFT_eSPI/libgenericSTM32F103C_TFT_eSPI.a(TFT_eSPI.cpp.obj)
                0x0000000008004be8                TFT_eSPI::pushBlock(unsigned short, unsigned long)
 .text._ZN8TFT_eSPI10pushPixelsEPKvm
                0x0000000008004c54       0x70 TFT_eSPI/libgenericSTM32F103C_TFT_eSPI.a(TFT_eSPI.cpp.obj)
                0x0000000008004c54                TFT_eSPI::pushPixels(void const*, unsigned long)
 .text._ZN8TFT_eSPIC2Ess
                0x0000000008004cc4       0xa0 TFT_eSPI/libgenericSTM32F103C_TFT_eSPI.a(TFT_eSPI.cpp.obj)
                0x0000000008004cc4                TFT_eSPI::TFT_eSPI(short, short)
                0x0000000008004cc4                TFT_eSPI::TFT_eSPI(short, short)
 .text._ZN8TFT_eSPI12writecommandEh
                0x0000000008004d64       0x80 TFT_eSPI/libgenericSTM32F103C_TFT_eSPI.a(TFT_eSPI.cpp.obj)
                0x0000000008004d64                TFT_eSPI::writecommand(unsigned char)
 .text._ZN8TFT_eSPI9writedataEh
                0x0000000008004de4       0x80 TFT_eSPI/libgenericSTM32F103C_TFT_eSPI.a(TFT_eSPI.cpp.obj)
                0x0000000008004de4                TFT_eSPI::writedata(unsigned char)
 .text._ZN8TFT_eSPI11setRotationEh
                0x0000000008004e64       0xd8 TFT_eSPI/libgenericSTM32F103C_TFT_eSPI.a(TFT_eSPI.cpp.obj)
                0x0000000008004e64                TFT_eSPI::setRotation(unsigned char)
 .text._ZN8TFT_eSPI4initEh
                0x0000000008004f3c      0x414 TFT_eSPI/libgenericSTM32F103C_TFT_eSPI.a(TFT_eSPI.cpp.obj)
                0x0000000008004f3c                TFT_eSPI::init(unsigned char)
 .text._ZN8TFT_eSPI9setCursorEss
                0x0000000008005350        0x6 TFT_eSPI/libgenericSTM32F103C_TFT_eSPI.a(TFT_eSPI.cpp.obj)
                0x0000000008005350                TFT_eSPI::setCursor(short, short)
 *fill*         0x0000000008005356        0x2 
 .text._ZN8TFT_eSPI9setWindowEllll
                0x0000000008005358       0x88 TFT_eSPI/libgenericSTM32F103C_TFT_eSPI.a(TFT_eSPI.cpp.obj)
                0x0000000008005358                TFT_eSPI::setWindow(long, long, long, long)
 .text._ZN8TFT_eSPI15setWindowLockedEllll
                0x00000000080053e0       0x90 TFT_eSPI/libgenericSTM32F103C_TFT_eSPI.a(TFT_eSPI.cpp.obj)
                0x00000000080053e0                TFT_eSPI::setWindowLocked(long, long, long, long)
 .text._ZN8TFT_eSPI10pushColorsEPtmb
                0x0000000008005470       0x98 TFT_eSPI/libgenericSTM32F103C_TFT_eSPI.a(TFT_eSPI.cpp.obj)
                0x0000000008005470                TFT_eSPI::pushColors(unsigned short*, unsigned long, bool)
 .text._ZN8TFT_eSPI10fillScreenEm
                0x0000000008005508       0x18 TFT_eSPI/libgenericSTM32F103C_TFT_eSPI.a(TFT_eSPI_draw.cpp.obj)
                0x0000000008005508                TFT_eSPI::fillScreen(unsigned long)
 .text._ZN8TFT_eSPI13drawFastVLineElllm
                0x0000000008005520       0xe8 TFT_eSPI/libgenericSTM32F103C_TFT_eSPI.a(TFT_eSPI_draw.cpp.obj)
                0x0000000008005520                TFT_eSPI::drawFastVLine(long, long, long, unsigned long)
 .text._ZN8TFT_eSPI8fillRectEllllm
                0x0000000008005608      0x110 TFT_eSPI/libgenericSTM32F103C_TFT_eSPI.a(TFT_eSPI_draw.cpp.obj)
                0x0000000008005608                TFT_eSPI::fillRect(long, long, long, long, unsigned long)
 .text._ZN8TFT_eSPI13drawFastHLineElllm
                0x0000000008005718       0xec TFT_eSPI/libgenericSTM32F103C_TFT_eSPI.a(TFT_eSPI_draw.cpp.obj)
                0x0000000008005718                TFT_eSPI::drawFastHLine(long, long, long, unsigned long)
 .text._ZN8TFT_eSPI8drawLineEllllm
                0x0000000008005804      0x13c TFT_eSPI/libgenericSTM32F103C_TFT_eSPI.a(TFT_eSPI_draw.cpp.obj)
                0x0000000008005804                TFT_eSPI::drawLine(long, long, long, long, unsigned long)
 .text._ZN17TFT_eSPI_extended8mySquareEiiiiPt
                0x0000000008005940       0x7c TFT_eSPI/libgenericSTM32F103C_TFT_eSPI.a(TFT_eSPI_extended_glyph.cpp.obj)
                0x0000000008005940                TFT_eSPI_extended::mySquare(int, int, int, int, unsigned short*)
 .text._ZN17TFT_eSPI_extended10myDrawCharEiihiiRNS_8FontInfoE
                0x00000000080059bc      0x168 TFT_eSPI/libgenericSTM32F103C_TFT_eSPI.a(TFT_eSPI_extended_glyph.cpp.obj)
                0x00000000080059bc                TFT_eSPI_extended::myDrawChar(int, int, unsigned char, int, int, TFT_eSPI_extended::FontInfo&)
 .text._ZN8TFT_eSPI5writeEh
                0x0000000008005b24        0xc TFT_eSPI/libgenericSTM32F103C_TFT_eSPI.a(TFT_eSPI_extended_glyph.cpp.obj)
                0x0000000008005b24                TFT_eSPI::write(unsigned char)
 .text._ZN8TFT_eSPI8drawCharElltmmh
                0x0000000008005b30        0xc TFT_eSPI/libgenericSTM32F103C_TFT_eSPI.a(TFT_eSPI_extended_glyph.cpp.obj)
                0x0000000008005b30                TFT_eSPI::drawChar1(long, long, unsigned short, unsigned long, unsigned long, unsigned char)
                0x0000000008005b30                TFT_eSPI::drawChar(long, long, unsigned short, unsigned long, unsigned long, unsigned char)
 .text._ZN8TFT_eSPI8drawCharEtllh
                0x0000000008005b3c        0xc TFT_eSPI/libgenericSTM32F103C_TFT_eSPI.a(TFT_eSPI_extended_glyph.cpp.obj)
                0x0000000008005b3c                TFT_eSPI::drawChar(unsigned short, long, long, unsigned char)
 .text._ZN8TFT_eSPI8drawCharEtll
                0x0000000008005b48        0xc TFT_eSPI/libgenericSTM32F103C_TFT_eSPI.a(TFT_eSPI_extended_glyph.cpp.obj)
                0x0000000008005b48                TFT_eSPI::drawChar(unsigned short, long, long)
 .text._ZL9checkFontPK7GFXfontPN17TFT_eSPI_extended8FontInfoE
                0x0000000008005b54       0x4a TFT_eSPI/libgenericSTM32F103C_TFT_eSPI.a(TFT_eSPI_extended_glyph_hl.cpp.obj)
 .text._ZN17TFT_eSPI_extended12myDrawStringEPKci
                0x0000000008005b9e       0xac TFT_eSPI/libgenericSTM32F103C_TFT_eSPI.a(TFT_eSPI_extended_glyph_hl.cpp.obj)
                0x0000000008005b9e                TFT_eSPI_extended::myDrawString(char const*, int)
 .text._ZN17TFT_eSPI_extended11setFontSizeENS_8FontSizeE
                0x0000000008005c4a       0x1c TFT_eSPI/libgenericSTM32F103C_TFT_eSPI.a(TFT_eSPI_extended_glyph_hl.cpp.obj)
                0x0000000008005c4a                TFT_eSPI_extended::setFontSize(TFT_eSPI_extended::FontSize)
 .text._ZN17TFT_eSPI_extended13setFontFamilyEPK7GFXfontS2_S2_
                0x0000000008005c66       0x2a TFT_eSPI/libgenericSTM32F103C_TFT_eSPI.a(TFT_eSPI_extended_glyph_hl.cpp.obj)
                0x0000000008005c66                TFT_eSPI_extended::setFontFamily(GFXfont const*, GFXfont const*, GFXfont const*)
 .text.__aeabi_atexit
                0x0000000008005c90        0xa /home/fx/Arduino_stm32/arm-none-eabi-gcc/download/gcc-arm-none-eabi-8.2.1-1.7/bin/../lib/gcc/arm-none-eabi/8.2.1/../../../../arm-none-eabi/lib/thumb/v7-m/nofp/libstdc++_nano.a(atexit_arm.o)
                0x0000000008005c90                __aeabi_atexit
 *fill*         0x0000000008005c9a        0x2 
 .text          0x0000000008005c9c       0xa0 /home/fx/Arduino_stm32/arm-none-eabi-gcc/download/gcc-arm-none-eabi-8.2.1-1.7/bin/../lib/gcc/arm-none-eabi/8.2.1/thumb/v7-m/nofp/libgcc.a(_aeabi_ldivmod.o)
                0x0000000008005c9c                __aeabi_ldivmod
 .text.__udivmoddi4
                0x0000000008005d3c      0x2d0 /home/fx/Arduino_stm32/arm-none-eabi-gcc/download/gcc-arm-none-eabi-8.2.1-1.7/bin/../lib/gcc/arm-none-eabi/8.2.1/thumb/v7-m/nofp/libgcc.a(_udivmoddi4.o)
                0x0000000008005d3c                __udivmoddi4
 .text          0x000000000800600c        0x4 /home/fx/Arduino_stm32/arm-none-eabi-gcc/download/gcc-arm-none-eabi-8.2.1-1.7/bin/../lib/gcc/arm-none-eabi/8.2.1/thumb/v7-m/nofp/libgcc.a(_dvmd_tls.o)
                0x000000000800600c                __aeabi_ldiv0
                0x000000000800600c                __aeabi_idiv0
 .text.__cxa_atexit
                0x0000000008006010       0x1c /home/fx/Arduino_stm32/arm-none-eabi-gcc/download/gcc-arm-none-eabi-8.2.1-1.7/bin/../lib/gcc/arm-none-eabi/8.2.1/../../../../arm-none-eabi/lib/thumb/v7-m/nofp/libc_nano.a(lib_a-cxa_atexit.o)
                0x0000000008006010                __cxa_atexit
 .text.__errno  0x000000000800602c        0xc /home/fx/Arduino_stm32/arm-none-eabi-gcc/download/gcc-arm-none-eabi-8.2.1-1.7/bin/../lib/gcc/arm-none-eabi/8.2.1/../../../../arm-none-eabi/lib/thumb/v7-m/nofp/libc_nano.a(lib_a-errno.o)
                0x000000000800602c                __errno
 .text.__libc_init_array
                0x0000000008006038       0x48 /home/fx/Arduino_stm32/arm-none-eabi-gcc/download/gcc-arm-none-eabi-8.2.1-1.7/bin/../lib/gcc/arm-none-eabi/8.2.1/../../../../arm-none-eabi/lib/thumb/v7-m/nofp/libc_nano.a(lib_a-init.o)
                0x0000000008006038                __libc_init_array
 .text.malloc   0x0000000008006080       0x10 /home/fx/Arduino_stm32/arm-none-eabi-gcc/download/gcc-arm-none-eabi-8.2.1-1.7/bin/../lib/gcc/arm-none-eabi/8.2.1/../../../../arm-none-eabi/lib/thumb/v7-m/nofp/libc_nano.a(lib_a-malloc.o)
                0x0000000008006080                malloc
 .text.free     0x0000000008006090       0x10 /home/fx/Arduino_stm32/arm-none-eabi-gcc/download/gcc-arm-none-eabi-8.2.1-1.7/bin/../lib/gcc/arm-none-eabi/8.2.1/../../../../arm-none-eabi/lib/thumb/v7-m/nofp/libc_nano.a(lib_a-malloc.o)
                0x0000000008006090                free
 .text.memcpy   0x00000000080060a0       0x1c /home/fx/Arduino_stm32/arm-none-eabi-gcc/download/gcc-arm-none-eabi-8.2.1-1.7/bin/../lib/gcc/arm-none-eabi/8.2.1/../../../../arm-none-eabi/lib/thumb/v7-m/nofp/libc_nano.a(lib_a-memcpy-stub.o)
                0x00000000080060a0                memcpy
 .text.memset   0x00000000080060bc       0x10 /home/fx/Arduino_stm32/arm-none-eabi-gcc/download/gcc-arm-none-eabi-8.2.1-1.7/bin/../lib/gcc/arm-none-eabi/8.2.1/../../../../arm-none-eabi/lib/thumb/v7-m/nofp/libc_nano.a(lib_a-memset.o)
                0x00000000080060bc                memset
 .text._free_r  0x00000000080060cc       0x98 /home/fx/Arduino_stm32/arm-none-eabi-gcc/download/gcc-arm-none-eabi-8.2.1-1.7/bin/../lib/gcc/arm-none-eabi/8.2.1/../../../../arm-none-eabi/lib/thumb/v7-m/nofp/libc_nano.a(lib_a-nano-freer.o)
                0x00000000080060cc                _free_r
 .text._malloc_r
                0x0000000008006164       0xb4 /home/fx/Arduino_stm32/arm-none-eabi-gcc/download/gcc-arm-none-eabi-8.2.1-1.7/bin/../lib/gcc/arm-none-eabi/8.2.1/../../../../arm-none-eabi/lib/thumb/v7-m/nofp/libc_nano.a(lib_a-nano-mallocr.o)
                0x0000000008006164                _malloc_r
 .text._sbrk_r  0x0000000008006218       0x20 /home/fx/Arduino_stm32/arm-none-eabi-gcc/download/gcc-arm-none-eabi-8.2.1-1.7/bin/../lib/gcc/arm-none-eabi/8.2.1/../../../../arm-none-eabi/lib/thumb/v7-m/nofp/libc_nano.a(lib_a-sbrkr.o)
                0x0000000008006218                _sbrk_r
 .text          0x0000000008006238       0x10 /home/fx/Arduino_stm32/arm-none-eabi-gcc/download/gcc-arm-none-eabi-8.2.1-1.7/bin/../lib/gcc/arm-none-eabi/8.2.1/../../../../arm-none-eabi/lib/thumb/v7-m/nofp/libc_nano.a(lib_a-strlen.o)
                0x0000000008006238                strlen
 .text._vsnprintf_r
                0x0000000008006248       0x58 /home/fx/Arduino_stm32/arm-none-eabi-gcc/download/gcc-arm-none-eabi-8.2.1-1.7/bin/../lib/gcc/arm-none-eabi/8.2.1/../../../../arm-none-eabi/lib/thumb/v7-m/nofp/libc_nano.a(lib_a-vsnprintf.o)
                0x0000000008006248                _vsnprintf_r
                0x0000000008006248                _vsniprintf_r
 .text.vsnprintf
                0x00000000080062a0       0x1c /home/fx/Arduino_stm32/arm-none-eabi-gcc/download/gcc-arm-none-eabi-8.2.1-1.7/bin/../lib/gcc/arm-none-eabi/8.2.1/../../../../arm-none-eabi/lib/thumb/v7-m/nofp/libc_nano.a(lib_a-vsnprintf.o)
                0x00000000080062a0                vsnprintf
                0x00000000080062a0                vsniprintf
 .text.__malloc_lock
                0x00000000080062bc        0xc /home/fx/Arduino_stm32/arm-none-eabi-gcc/download/gcc-arm-none-eabi-8.2.1-1.7/bin/../lib/gcc/arm-none-eabi/8.2.1/../../../../arm-none-eabi/lib/thumb/v7-m/nofp/libc_nano.a(lib_a-mlock.o)
                0x00000000080062bc                __malloc_lock
 .text.__malloc_unlock
                0x00000000080062c8        0xc /home/fx/Arduino_stm32/arm-none-eabi-gcc/download/gcc-arm-none-eabi-8.2.1-1.7/bin/../lib/gcc/arm-none-eabi/8.2.1/../../../../arm-none-eabi/lib/thumb/v7-m/nofp/libc_nano.a(lib_a-mlock.o)
                0x00000000080062c8                __malloc_unlock
 .text.__ssputs_r
                0x00000000080062d4       0xb6 /home/fx/Arduino_stm32/arm-none-eabi-gcc/download/gcc-arm-none-eabi-8.2.1-1.7/bin/../lib/gcc/arm-none-eabi/8.2.1/../../../../arm-none-eabi/lib/thumb/v7-m/nofp/libc_nano.a(lib_a-nano-svfprintf.o)
                0x00000000080062d4                __ssputs_r
 *fill*         0x000000000800638a        0x2 
 .text._svfprintf_r
                0x000000000800638c      0x1f0 /home/fx/Arduino_stm32/arm-none-eabi-gcc/download/gcc-arm-none-eabi-8.2.1-1.7/bin/../lib/gcc/arm-none-eabi/8.2.1/../../../../arm-none-eabi/lib/thumb/v7-m/nofp/libc_nano.a(lib_a-nano-svfprintf.o)
                0x000000000800638c                _svfprintf_r
                0x000000000800638c                _svfiprintf_r
 .text._printf_common
                0x000000000800657c       0xec /home/fx/Arduino_stm32/arm-none-eabi-gcc/download/gcc-arm-none-eabi-8.2.1-1.7/bin/../lib/gcc/arm-none-eabi/8.2.1/../../../../arm-none-eabi/lib/thumb/v7-m/nofp/libc_nano.a(lib_a-nano-vfprintf_i.o)
                0x000000000800657c                _printf_common
 .text._printf_i
                0x0000000008006668      0x22c /home/fx/Arduino_stm32/arm-none-eabi-gcc/download/gcc-arm-none-eabi-8.2.1-1.7/bin/../lib/gcc/arm-none-eabi/8.2.1/../../../../arm-none-eabi/lib/thumb/v7-m/nofp/libc_nano.a(lib_a-nano-vfprintf_i.o)
                0x0000000008006668                _printf_i
 .text.__retarget_lock_acquire_recursive
                0x0000000008006894        0x2 /home/fx/Arduino_stm32/arm-none-eabi-gcc/download/gcc-arm-none-eabi-8.2.1-1.7/bin/../lib/gcc/arm-none-eabi/8.2.1/../../../../arm-none-eabi/lib/thumb/v7-m/nofp/libc_nano.a(lib_a-lock.o)
                0x0000000008006894                __retarget_lock_acquire_recursive
 .text.__retarget_lock_release_recursive
                0x0000000008006896        0x2 /home/fx/Arduino_stm32/arm-none-eabi-gcc/download/gcc-arm-none-eabi-8.2.1-1.7/bin/../lib/gcc/arm-none-eabi/8.2.1/../../../../arm-none-eabi/lib/thumb/v7-m/nofp/libc_nano.a(lib_a-lock.o)
                0x0000000008006896                __retarget_lock_release_recursive
 .text.memchr   0x0000000008006898       0x1c /home/fx/Arduino_stm32/arm-none-eabi-gcc/download/gcc-arm-none-eabi-8.2.1-1.7/bin/../lib/gcc/arm-none-eabi/8.2.1/../../../../arm-none-eabi/lib/thumb/v7-m/nofp/libc_nano.a(lib_a-memchr-stub.o)
                0x0000000008006898                memchr
 .text.memmove  0x00000000080068b4       0x34 /home/fx/Arduino_stm32/arm-none-eabi-gcc/download/gcc-arm-none-eabi-8.2.1-1.7/bin/../lib/gcc/arm-none-eabi/8.2.1/../../../../arm-none-eabi/lib/thumb/v7-m/nofp/libc_nano.a(lib_a-memmove.o)
                0x00000000080068b4                memmove
 .text._realloc_r
                0x00000000080068e8       0x4c /home/fx/Arduino_stm32/arm-none-eabi-gcc/download/gcc-arm-none-eabi-8.2.1-1.7/bin/../lib/gcc/arm-none-eabi/8.2.1/../../../../arm-none-eabi/lib/thumb/v7-m/nofp/libc_nano.a(lib_a-nano-reallocr.o)
                0x00000000080068e8                _realloc_r
 .text._malloc_usable_size_r
                0x0000000008006934       0x10 /home/fx/Arduino_stm32/arm-none-eabi-gcc/download/gcc-arm-none-eabi-8.2.1-1.7/bin/../lib/gcc/arm-none-eabi/8.2.1/../../../../arm-none-eabi/lib/thumb/v7-m/nofp/libc_nano.a(lib_a-nano-msizer.o)
                0x0000000008006934                _malloc_usable_size_r
 *(.plt)
 *(.gnu.warning)
 *(.glue_7t)
 .glue_7t       0x0000000008006944        0x0 linker stubs
 *(.glue_7)
 .glue_7        0x0000000008006944        0x0 linker stubs
 *(.vfp11_veneer)
 .vfp11_veneer  0x0000000008006944        0x0 linker stubs
 *(.ARM.extab* .gnu.linkonce.armextab.*)
 *(.gcc_except_table)
 *(.eh_frame_hdr)
 *(.eh_frame)
 .eh_frame      0x0000000008006944        0x0 /home/fx/Arduino_stm32/arm-none-eabi-gcc/download/gcc-arm-none-eabi-8.2.1-1.7/bin/../lib/gcc/arm-none-eabi/8.2.1/thumb/v7-m/nofp/crtbegin.o
                0x0000000008006944                . = ALIGN (0x4)
 *(.init)
 .init          0x0000000008006944        0x4 /home/fx/Arduino_stm32/arm-none-eabi-gcc/download/gcc-arm-none-eabi-8.2.1-1.7/bin/../lib/gcc/arm-none-eabi/8.2.1/thumb/v7-m/nofp/crti.o
                0x0000000008006944                _init
 .init          0x0000000008006948        0x8 /home/fx/Arduino_stm32/arm-none-eabi-gcc/download/gcc-arm-none-eabi-8.2.1-1.7/bin/../lib/gcc/arm-none-eabi/8.2.1/thumb/v7-m/nofp/crtn.o
                0x0000000008006950                . = ALIGN (0x4)
                0x0000000008006950                __preinit_array_start = .
 *(.preinit_array)
                0x0000000008006950                __preinit_array_end = .
                0x0000000008006950                . = ALIGN (0x4)
                0x0000000008006950                __init_array_start = .
 *(SORT_BY_NAME(.init_array.*))
 .init_array.00101
                0x0000000008006950        0x4 libgenericSTM32F103C_CORE.a(main.cpp.obj)
 *(.init_array)
 .init_array    0x0000000008006954        0x4 /home/fx/Arduino_stm32/arm-none-eabi-gcc/download/gcc-arm-none-eabi-8.2.1-1.7/bin/../lib/gcc/arm-none-eabi/8.2.1/thumb/v7-m/nofp/crtbegin.o
 .init_array    0x0000000008006958        0x4 CMakeFiles/componentTester_STM32F103.dir/Arduino_STM32/STM32F1/variants/generic_stm32f103c/board.cpp.obj
 .init_array    0x000000000800695c        0x4 libgenericSTM32F103C_Wire.a(Wire.cpp.obj)
 .init_array    0x0000000008006960        0x4 libgenericSTM32F103C_SPI.a(SPI.cpp.obj)
 .init_array    0x0000000008006964        0x4 libgenericSTM32F103C_EEPROM.a(EEPROM.cpp.obj)
                0x0000000008006968                __init_array_end = .
                0x0000000008006968                . = ALIGN (0x4)
 *crtbegin.o(.ctors)
 *(EXCLUDE_FILE(*crtend.o) .ctors)
 *(SORT_BY_NAME(.ctors.*))
 *crtend.o(.ctors)
                0x0000000008006968                . = ALIGN (0x4)
 *(.fini)
 .fini          0x0000000008006968        0x4 /home/fx/Arduino_stm32/arm-none-eabi-gcc/download/gcc-arm-none-eabi-8.2.1-1.7/bin/../lib/gcc/arm-none-eabi/8.2.1/thumb/v7-m/nofp/crti.o
                0x0000000008006968                _fini
 .fini          0x000000000800696c        0x8 /home/fx/Arduino_stm32/arm-none-eabi-gcc/download/gcc-arm-none-eabi-8.2.1-1.7/bin/../lib/gcc/arm-none-eabi/8.2.1/thumb/v7-m/nofp/crtn.o
                0x0000000008006974                . = ALIGN (0x4)
                0x0000000008006974                __fini_array_start = .
 *(.fini_array)
 .fini_array    0x0000000008006974        0x4 /home/fx/Arduino_stm32/arm-none-eabi-gcc/download/gcc-arm-none-eabi-8.2.1-1.7/bin/../lib/gcc/arm-none-eabi/8.2.1/thumb/v7-m/nofp/crtbegin.o
 *(SORT_BY_NAME(.fini_array.*))
                0x0000000008006978                __fini_array_end = .
 *crtbegin.o(.dtors)
 *(EXCLUDE_FILE(*crtend.o) .dtors)
 *(SORT_BY_NAME(.dtors.*))
 *crtend.o(.dtors)

.v4_bx          0x0000000008006978        0x0
 .v4_bx         0x0000000008006978        0x0 linker stubs

.iplt           0x0000000008006978        0x0
 .iplt          0x0000000008006978        0x0 /home/fx/Arduino_stm32/arm-none-eabi-gcc/download/gcc-arm-none-eabi-8.2.1-1.7/bin/../lib/gcc/arm-none-eabi/8.2.1/thumb/v7-m/nofp/crtbegin.o

.text.align     0x0000000008006978        0x0
                0x0000000008006978                . = ALIGN (0x8)
                0x0000000008006978                __text_end__ = .
                0x0000000008006978                __exidx_start = .

.ARM.exidx      0x0000000008006978        0x8
 *(.ARM.exidx* .gnu.linkonce.armexidx.*)
 .ARM.exidx     0x0000000008006978        0x8 CMakeFiles/componentTester_STM32F103.dir/Arduino_STM32/STM32F1/variants/generic_stm32f103c/wirish/start.S.obj
 .ARM.exidx.text.__udivmoddi4
                0x0000000008006980        0x0 /home/fx/Arduino_stm32/arm-none-eabi-gcc/download/gcc-arm-none-eabi-8.2.1-1.7/bin/../lib/gcc/arm-none-eabi/8.2.1/thumb/v7-m/nofp/libgcc.a(_udivmoddi4.o)
                                          0x8 (size before relaxing)
                0x0000000008006980                __exidx_end = .

.data           0x0000000020000000      0x490 load address 0x0000000008006980
                0x0000000020000000                __data_start__ = .
                0x0000000020000000        0x4 LONG 0x0
                0x0000000020000008                . = ALIGN (0x8)
 *fill*         0x0000000020000004        0x4 
 *(.got.plt)
 *(.got)
 *(.data .data.* .gnu.linkonce.d.*)
 .data.__dso_handle
                0x0000000020000008        0x4 /home/fx/Arduino_stm32/arm-none-eabi-gcc/download/gcc-arm-none-eabi-8.2.1-1.7/bin/../lib/gcc/arm-none-eabi/8.2.1/thumb/v7-m/nofp/crtbegin.o
                0x0000000020000008                __dso_handle
 .data._ZN6wirish4priv15w_board_pll_cfgE
                0x000000002000000c        0x8 CMakeFiles/componentTester_STM32F103.dir/Arduino_STM32/STM32F1/variants/generic_stm32f103c/wirish/boards_setup.cpp.obj
                0x000000002000000c                wirish::priv::w_board_pll_cfg
 .data._ZN6wirish4priv9w_adc_preE
                0x0000000020000014        0x2 CMakeFiles/componentTester_STM32F103.dir/Arduino_STM32/STM32F1/variants/generic_stm32f103c/wirish/boards_setup.cpp.obj
                0x0000000020000014                wirish::priv::w_adc_pre
 .data._ZN6wirish4priv9w_adc_smpE
                0x0000000020000016        0x1 CMakeFiles/componentTester_STM32F103.dir/Arduino_STM32/STM32F1/variants/generic_stm32f103c/wirish/boards_setup.cpp.obj
                0x0000000020000016                wirish::priv::w_adc_smp
 *fill*         0x0000000020000017        0x1 
 .data._ZN6wirish4privL8pll_dataE
                0x0000000020000018        0x4 CMakeFiles/componentTester_STM32F103.dir/Arduino_STM32/STM32F1/variants/generic_stm32f103c/wirish/boards_setup.cpp.obj
 .data.ADC1     0x000000002000001c        0x4 libgenericSTM32F103C_CORE.a(adc_f1.c.obj)
                0x000000002000001c                ADC1
 .data.ADC2     0x0000000020000020        0x4 libgenericSTM32F103C_CORE.a(adc_f1.c.obj)
                0x0000000020000020                ADC2
 .data.adc1     0x0000000020000024       0x18 libgenericSTM32F103C_CORE.a(adc_f1.c.obj)
                0x0000000020000024                adc1
 .data.adc2     0x000000002000003c        0x8 libgenericSTM32F103C_CORE.a(adc_f1.c.obj)
                0x000000002000003c                adc2
 .data.DMA1     0x0000000020000044        0x4 libgenericSTM32F103C_CORE.a(dma_f1.c.obj)
                0x0000000020000044                DMA1
 .data.dma1     0x0000000020000048       0x40 libgenericSTM32F103C_CORE.a(dma_f1.c.obj)
 .data.gpioa    0x0000000020000088        0x8 libgenericSTM32F103C_CORE.a(gpio_f1.c.obj)
                0x0000000020000088                gpioa
 .data.gpiob    0x0000000020000090        0x8 libgenericSTM32F103C_CORE.a(gpio_f1.c.obj)
                0x0000000020000090                gpiob
 .data.gpioc    0x0000000020000098        0x8 libgenericSTM32F103C_CORE.a(gpio_f1.c.obj)
                0x0000000020000098                gpioc
 .data.gpiod    0x00000000200000a0        0x8 libgenericSTM32F103C_CORE.a(gpio_f1.c.obj)
                0x00000000200000a0                gpiod
 .data.i2c1     0x00000000200000a8       0x38 libgenericSTM32F103C_CORE.a(i2c_f1.c.obj)
 .data.i2c2     0x00000000200000e0       0x38 libgenericSTM32F103C_CORE.a(i2c_f1.c.obj)
 .data.enable_regs.4546
                0x0000000020000118        0xc libgenericSTM32F103C_CORE.a(rcc_f1.c.obj)
 .data.enable_regs.4559
                0x0000000020000124        0xc libgenericSTM32F103C_CORE.a(rcc_f1.c.obj)
 .data.reset_regs.4550
                0x0000000020000130        0x8 libgenericSTM32F103C_CORE.a(rcc_f1.c.obj)
 .data.SPI1     0x0000000020000138        0x4 libgenericSTM32F103C_CORE.a(spi_f1.c.obj)
                0x0000000020000138                SPI1
 .data.SPI2     0x000000002000013c        0x4 libgenericSTM32F103C_CORE.a(spi_f1.c.obj)
                0x000000002000013c                SPI2
 .data.spi1     0x0000000020000140        0x8 libgenericSTM32F103C_CORE.a(spi_f1.c.obj)
 .data.spi2     0x0000000020000148        0x8 libgenericSTM32F103C_CORE.a(spi_f1.c.obj)
 .data.timer1   0x0000000020000150       0x28 libgenericSTM32F103C_CORE.a(timer.c.obj)
                0x0000000020000150                timer1
 .data.timer2   0x0000000020000178       0x24 libgenericSTM32F103C_CORE.a(timer.c.obj)
                0x0000000020000178                timer2
 .data.timer3   0x000000002000019c       0x24 libgenericSTM32F103C_CORE.a(timer.c.obj)
                0x000000002000019c                timer3
 .data.timer4   0x00000000200001c0       0x24 libgenericSTM32F103C_CORE.a(timer.c.obj)
                0x00000000200001c0                timer4
 .data.USART1   0x00000000200001e4        0x4 libgenericSTM32F103C_CORE.a(usart_f1.c.obj)
                0x00000000200001e4                USART1
 .data.USART2   0x00000000200001e8        0x4 libgenericSTM32F103C_CORE.a(usart_f1.c.obj)
                0x00000000200001e8                USART2
 .data.USART3   0x00000000200001ec        0x4 libgenericSTM32F103C_CORE.a(usart_f1.c.obj)
                0x00000000200001ec                USART3
 .data.usart1   0x00000000200001f0       0x94 libgenericSTM32F103C_CORE.a(usart_f1.c.obj)
 .data.usart2   0x0000000020000284       0x94 libgenericSTM32F103C_CORE.a(usart_f1.c.obj)
 .data.usart3   0x0000000020000318       0x94 libgenericSTM32F103C_CORE.a(usart_f1.c.obj)
 .data.USBLIB   0x00000000200003ac        0x4 libgenericSTM32F103C_CORE.a(usb.c.obj)
                0x00000000200003ac                USBLIB
 .data.usblib   0x00000000200003b0       0x10 libgenericSTM32F103C_CORE.a(usb.c.obj)
 .data.Config_Descriptor
                0x00000000200003c0        0x8 libgenericSTM32F103C_CORE.a(usb_cdcacm.c.obj)
 .data.Device_Descriptor
                0x00000000200003c8        0x8 libgenericSTM32F103C_CORE.a(usb_cdcacm.c.obj)
 .data.Device_Property
                0x00000000200003d0       0x30 libgenericSTM32F103C_CORE.a(usb_cdcacm.c.obj)
                0x00000000200003d0                Device_Property
 .data.Device_Table
                0x0000000020000400        0x2 libgenericSTM32F103C_CORE.a(usb_cdcacm.c.obj)
                0x0000000020000400                Device_Table
 *fill*         0x0000000020000402        0x2 
 .data.String_Descriptor
                0x0000000020000404       0x18 libgenericSTM32F103C_CORE.a(usb_cdcacm.c.obj)
 .data.line_coding
                0x000000002000041c        0x7 libgenericSTM32F103C_CORE.a(usb_cdcacm.c.obj)
 *fill*         0x0000000020000423        0x1 
 .data.uxCriticalNesting
                0x0000000020000424        0x4 FreeRTOS/libgenericSTM32F103C_FreeRTOS.a(port.c.obj)
 .data._impure_ptr
                0x0000000020000428        0x4 /home/fx/Arduino_stm32/arm-none-eabi-gcc/download/gcc-arm-none-eabi-8.2.1-1.7/bin/../lib/gcc/arm-none-eabi/8.2.1/../../../../arm-none-eabi/lib/thumb/v7-m/nofp/libc_nano.a(lib_a-impure.o)
                0x0000000020000428                _impure_ptr
 .data.impure_data
                0x000000002000042c       0x60 /home/fx/Arduino_stm32/arm-none-eabi-gcc/download/gcc-arm-none-eabi-8.2.1-1.7/bin/../lib/gcc/arm-none-eabi/8.2.1/../../../../arm-none-eabi/lib/thumb/v7-m/nofp/libc_nano.a(lib_a-impure.o)
                0x0000000020000490                . = ALIGN (0x8)
 *fill*         0x000000002000048c        0x4 
                0x0000000020000490                __data_end__ = .

.tm_clone_table
                0x0000000020000490        0x0 load address 0x0000000008006e10
 .tm_clone_table
                0x0000000020000490        0x0 /home/fx/Arduino_stm32/arm-none-eabi-gcc/download/gcc-arm-none-eabi-8.2.1-1.7/bin/../lib/gcc/arm-none-eabi/8.2.1/thumb/v7-m/nofp/crtbegin.o
 .tm_clone_table
                0x0000000020000490        0x0 /home/fx/Arduino_stm32/arm-none-eabi-gcc/download/gcc-arm-none-eabi-8.2.1-1.7/bin/../lib/gcc/arm-none-eabi/8.2.1/thumb/v7-m/nofp/crtend.o

.igot.plt       0x0000000020000490        0x0 load address 0x0000000008006e10
 .igot.plt      0x0000000020000490        0x0 /home/fx/Arduino_stm32/arm-none-eabi-gcc/download/gcc-arm-none-eabi-8.2.1-1.7/bin/../lib/gcc/arm-none-eabi/8.2.1/thumb/v7-m/nofp/crtbegin.o

.rodata         0x0000000008006e10     0x47e4
 *(.rodata .rodata.* .gnu.linkonce.r.*)
 .rodata.PIN_MAP